Archive member included to satisfy reference by file (symbol)

/usr/lib/gcc/arm-none-eabi/8.3.1/../../../arm-none-eabi/lib/thumb/v6-m/nofp/libstdc++.a(functexcept.o)
                              CMakeFiles/keyer.dir/keyer.cpp.obj (std::__throw_bad_alloc())
/usr/lib/gcc/arm-none-eabi/8.3.1/../../../arm-none-eabi/lib/thumb/v6-m/nofp/libstdc++.a(cow-stdexcept.o)
                              /usr/lib/gcc/arm-none-eabi/8.3.1/../../../arm-none-eabi/lib/thumb/v6-m/nofp/libstdc++.a(functexcept.o) (std::logic_error::logic_error(char const*))
/usr/lib/gcc/arm-none-eabi/8.3.1/../../../arm-none-eabi/lib/thumb/v6-m/nofp/libstdc++.a(eh_throw.o)
                              /usr/lib/gcc/arm-none-eabi/8.3.1/../../../arm-none-eabi/lib/thumb/v6-m/nofp/libstdc++.a(functexcept.o) (__cxa_throw)
/usr/lib/gcc/arm-none-eabi/8.3.1/../../../arm-none-eabi/lib/thumb/v6-m/nofp/libstdc++.a(eh_terminate.o)
                              /usr/lib/gcc/arm-none-eabi/8.3.1/../../../arm-none-eabi/lib/thumb/v6-m/nofp/libstdc++.a(eh_throw.o) (__cxxabiv1::__terminate(void (*)()))
/usr/lib/gcc/arm-none-eabi/8.3.1/../../../arm-none-eabi/lib/thumb/v6-m/nofp/libstdc++.a(eh_term_handler.o)
                              /usr/lib/gcc/arm-none-eabi/8.3.1/../../../arm-none-eabi/lib/thumb/v6-m/nofp/libstdc++.a(eh_terminate.o) (__cxxabiv1::__terminate_handler)
/usr/lib/gcc/arm-none-eabi/8.3.1/../../../arm-none-eabi/lib/thumb/v6-m/nofp/libstdc++.a(eh_personality.o)
                              /usr/lib/gcc/arm-none-eabi/8.3.1/../../../arm-none-eabi/lib/thumb/v6-m/nofp/libstdc++.a(functexcept.o) (__gxx_personality_v0)
/usr/lib/gcc/arm-none-eabi/8.3.1/../../../arm-none-eabi/lib/thumb/v6-m/nofp/libstdc++.a(eh_globals.o)
                              /usr/lib/gcc/arm-none-eabi/8.3.1/../../../arm-none-eabi/lib/thumb/v6-m/nofp/libstdc++.a(eh_throw.o) (__cxa_get_globals)
/usr/lib/gcc/arm-none-eabi/8.3.1/../../../arm-none-eabi/lib/thumb/v6-m/nofp/libstdc++.a(eh_exception.o)
                              /usr/lib/gcc/arm-none-eabi/8.3.1/../../../arm-none-eabi/lib/thumb/v6-m/nofp/libstdc++.a(cow-stdexcept.o) (std::exception::~exception())
/usr/lib/gcc/arm-none-eabi/8.3.1/../../../arm-none-eabi/lib/thumb/v6-m/nofp/libstdc++.a(eh_catch.o)
                              /usr/lib/gcc/arm-none-eabi/8.3.1/../../../arm-none-eabi/lib/thumb/v6-m/nofp/libstdc++.a(cow-stdexcept.o) (__cxa_begin_catch)
/usr/lib/gcc/arm-none-eabi/8.3.1/../../../arm-none-eabi/lib/thumb/v6-m/nofp/libstdc++.a(eh_call.o)
                              /usr/lib/gcc/arm-none-eabi/8.3.1/../../../arm-none-eabi/lib/thumb/v6-m/nofp/libstdc++.a(eh_personality.o) (__cxa_call_terminate)
/usr/lib/gcc/arm-none-eabi/8.3.1/../../../arm-none-eabi/lib/thumb/v6-m/nofp/libstdc++.a(eh_arm.o)
                              /usr/lib/gcc/arm-none-eabi/8.3.1/../../../arm-none-eabi/lib/thumb/v6-m/nofp/libstdc++.a(functexcept.o) (__cxa_end_cleanup)
/usr/lib/gcc/arm-none-eabi/8.3.1/../../../arm-none-eabi/lib/thumb/v6-m/nofp/libstdc++.a(eh_alloc.o)
                              /usr/lib/gcc/arm-none-eabi/8.3.1/../../../arm-none-eabi/lib/thumb/v6-m/nofp/libstdc++.a(functexcept.o) (__cxa_allocate_exception)
/usr/lib/gcc/arm-none-eabi/8.3.1/../../../arm-none-eabi/lib/thumb/v6-m/nofp/libstdc++.a(class_type_info.o)
                              /usr/lib/gcc/arm-none-eabi/8.3.1/../../../arm-none-eabi/lib/thumb/v6-m/nofp/libstdc++.a(eh_exception.o) (vtable for __cxxabiv1::__class_type_info)
/usr/lib/gcc/arm-none-eabi/8.3.1/../../../arm-none-eabi/lib/thumb/v6-m/nofp/libstdc++.a(bad_typeid.o)
                              /usr/lib/gcc/arm-none-eabi/8.3.1/../../../arm-none-eabi/lib/thumb/v6-m/nofp/libstdc++.a(functexcept.o) (std::bad_typeid::~bad_typeid())
/usr/lib/gcc/arm-none-eabi/8.3.1/../../../arm-none-eabi/lib/thumb/v6-m/nofp/libstdc++.a(bad_cast.o)
                              /usr/lib/gcc/arm-none-eabi/8.3.1/../../../arm-none-eabi/lib/thumb/v6-m/nofp/libstdc++.a(functexcept.o) (std::bad_cast::~bad_cast())
/usr/lib/gcc/arm-none-eabi/8.3.1/../../../arm-none-eabi/lib/thumb/v6-m/nofp/libstdc++.a(bad_alloc.o)
                              /usr/lib/gcc/arm-none-eabi/8.3.1/../../../arm-none-eabi/lib/thumb/v6-m/nofp/libstdc++.a(functexcept.o) (std::bad_alloc::~bad_alloc())
/usr/lib/gcc/arm-none-eabi/8.3.1/../../../arm-none-eabi/lib/thumb/v6-m/nofp/libstdc++.a(stdexcept.o)
                              /usr/lib/gcc/arm-none-eabi/8.3.1/../../../arm-none-eabi/lib/thumb/v6-m/nofp/libstdc++.a(functexcept.o) (std::logic_error::~logic_error())
/usr/lib/gcc/arm-none-eabi/8.3.1/../../../arm-none-eabi/lib/thumb/v6-m/nofp/libstdc++.a(sso_string.o)
                              /usr/lib/gcc/arm-none-eabi/8.3.1/../../../arm-none-eabi/lib/thumb/v6-m/nofp/libstdc++.a(cow-stdexcept.o) (std::__sso_string::__sso_string(char const*, unsigned int))
/usr/lib/gcc/arm-none-eabi/8.3.1/../../../arm-none-eabi/lib/thumb/v6-m/nofp/libstdc++.a(cow-string-inst.o)
[...]
Memory Configuration

Name             Origin             Length             Attributes
FLASH            0x0000000010000000 0x0000000000200000 xr
RAM              0x0000000020000000 0x0000000000040000 xrw
SCRATCH_X        0x0000000020040000 0x0000000000001000 xrw
SCRATCH_Y        0x0000000020041000 0x0000000000001000 xrw
*default*        0x0000000000000000 0xffffffffffffffff

Linker script and memory map

LOAD /usr/lib/gcc/arm-none-eabi/8.3.1/thumb/v6-m/nofp/crti.o
LOAD /usr/lib/gcc/arm-none-eabi/8.3.1/thumb/v6-m/nofp/crtbegin.o
LOAD /usr/lib/gcc/arm-none-eabi/8.3.1/../../../arm-none-eabi/lib/thumb/v6-m/nofp/crt0.o

.flash_begin    0x0000000010000000        0x0
                0x0000000010000000                __flash_binary_start = .

.boot2          0x0000000010000000      0x100
                0x0000000010000000                __boot2_start__ = .
 *(.boot2)
 .boot2         0x0000000010000000      0x100 /tmp/ccJ3H1qA.o
                0x0000000010000100                __boot2_end__ = .
                0x0000000000000001                ASSERT (((__boot2_end__ - __boot2_start__) == 0x100), ERROR: Pico second stage bootloader must be 256 bytes in size)

.text           0x0000000010000100     0x6a10
                0x0000000010000100                __logical_binary_start = .
 *(.vectors)
 .vectors       0x0000000010000100       0xd4 CMakeFiles/keyer.dir/home/pi/pico/pico-sdk/src/rp2_common/pico_standard_link/crt0.S.obj
                0x0000000010000100                __vectors
                0x0000000010000100                __VECTOR_TABLE
                0x00000000100001c0                isr_invalid
                0x00000000100001c0                __default_isrs_start
                0x00000000100001c2                isr_nmi
                0x00000000100001c4                isr_hardfault
                0x00000000100001c6                isr_svcall
                0x00000000100001c8                isr_pendsv
                0x00000000100001ca                isr_systick
                0x00000000100001cc                isr_irq30
                0x00000000100001cc                __unhandled_user_irq
                0x00000000100001cc                isr_irq13
                0x00000000100001cc                isr_irq27
                0x00000000100001cc                isr_irq31
                0x00000000100001cc                isr_irq5
                0x00000000100001cc                isr_irq11
                0x00000000100001cc                isr_irq23
                0x00000000100001cc                isr_irq18
                0x00000000100001cc                isr_irq28
                0x00000000100001cc                isr_irq19
                0x00000000100001cc                isr_irq0
                0x00000000100001cc                isr_irq6
                0x00000000100001cc                isr_irq22
                0x00000000100001cc                isr_irq17
                0x00000000100001cc                isr_irq14
                0x00000000100001cc                isr_irq2
                0x00000000100001cc                isr_irq10
                0x00000000100001cc                isr_irq8
                0x00000000100001cc                isr_irq24
                0x00000000100001cc                isr_irq1
                0x00000000100001cc                isr_irq7
                0x00000000100001cc                isr_irq21
                0x00000000100001cc                isr_irq20
                0x00000000100001cc                isr_irq15
                0x00000000100001cc                isr_irq25
                0x00000000100001cc                isr_irq4
                0x00000000100001cc                isr_irq16
                0x00000000100001cc                isr_irq29
                0x00000000100001cc                isr_irq26
                0x00000000100001cc                __default_isrs_end
                0x00000000100001cc                isr_irq3
                0x00000000100001cc                isr_irq12
                0x00000000100001cc                isr_irq9
                0x00000000100001d2                unhandled_user_irq_num_in_r0
 *(.binary_info_header)
 .binary_info_header
                0x00000000100001d4       0x14 CMakeFiles/keyer.dir/home/pi/pico/pico-sdk/src/rp2_common/pico_standard_link/crt0.S.obj
                0x00000000100001e8                __binary_info_header_end = .
 *(.reset)
 .reset         0x00000000100001e8       0xa8 CMakeFiles/keyer.dir/home/pi/pico/pico-sdk/src/rp2_common/pico_standard_link/crt0.S.obj
                0x00000000100001e8                _entry_point
                0x0000000010000266                __get_current_exception
 .reset         0x0000000010000290       0x30 CMakeFiles/keyer.dir/home/pi/pico/pico-sdk/src/rp2_common/pico_standard_link/binary_info.c.obj
 *(.init)
 .init          0x00000000100002c0        0x4 /usr/lib/gcc/arm-none-eabi/8.3.1/thumb/v6-m/nofp/crti.o
                0x00000000100002c0                _init
 *(EXCLUDE_FILE(*libm.a: *libc.a:*lib_a-mem*.o *libgcc.a:) .text*)
 .text          0x00000000100002c4       0x98 /usr/lib/gcc/arm-none-eabi/8.3.1/thumb/v6-m/nofp/crtbegin.o
 .text._Z4loopv
                0x000000001000035c      0x3bc CMakeFiles/keyer.dir/keyer.cpp.obj
                0x000000001000035c                loop()
 .text.startup.main
                0x0000000010000718       0xb8 CMakeFiles/keyer.dir/keyer.cpp.obj
                0x0000000010000718                main
 .text.startup._GLOBAL__sub_I_alphabet
                0x00000000100007d0       0x54 CMakeFiles/keyer.dir/keyer.cpp.obj
 .text.gpio_set_function
                0x0000000010000824       0x30 CMakeFiles/keyer.dir/home/pi/pico/pico-sdk/src/rp2_common/hardware_gpio/gpio.c.obj
                0x0000000010000824                gpio_set_function
 .text.gpio_set_pulls
                0x0000000010000854       0x30 CMakeFiles/keyer.dir/home/pi/pico/pico-sdk/src/rp2_common/hardware_gpio/gpio.c.obj
                0x0000000010000854                gpio_set_pulls
 .text.gpio_init
                0x0000000010000884       0x3c CMakeFiles/keyer.dir/home/pi/pico/pico-sdk/src/rp2_common/hardware_gpio/gpio.c.obj
                0x0000000010000884                gpio_init
 .text.hw_claim_or_assert
                0x00000000100008c0       0x44 CMakeFiles/keyer.dir/home/pi/pico/pico-sdk/src/rp2_common/hardware_claim/claim.c.obj
                0x00000000100008c0                hw_claim_or_assert
 .text.running_on_fpga
                0x0000000010000904       0x10 CMakeFiles/keyer.dir/home/pi/pico/pico-sdk/src/rp2_common/pico_platform/platform.c.obj
                0x0000000010000904                running_on_fpga
 .text.spin_locks_reset
                0x0000000010000914       0x1c CMakeFiles/keyer.dir/home/pi/pico/pico-sdk/src/rp2_common/hardware_sync/sync.c.obj
                0x0000000010000914                spin_locks_reset
 .text.next_striped_spin_lock_num
                0x0000000010000930       0x18 CMakeFiles/keyer.dir/home/pi/pico/pico-sdk/src/rp2_common/hardware_sync/sync.c.obj
                0x0000000010000930                next_striped_spin_lock_num
 .text.irq_set_enabled
                0x0000000010000948       0x24 CMakeFiles/keyer.dir/home/pi/pico/pico-sdk/src/rp2_common/hardware_irq/irq.c.obj
                0x0000000010000948                irq_set_enabled
 .text.irq_get_vtable_handler
                0x000000001000096c       0x10 CMakeFiles/keyer.dir/home/pi/pico/pico-sdk/src/rp2_common/hardware_irq/irq.c.obj
                0x000000001000096c                irq_get_vtable_handler
 .text.irq_set_exclusive_handler
                0x000000001000097c       0x54 CMakeFiles/keyer.dir/home/pi/pico/pico-sdk/src/rp2_common/hardware_irq/irq.c.obj
                0x000000001000097c                irq_set_exclusive_handler
 .text.irq_remove_handler
                0x00000000100009d0      0x1b4 CMakeFiles/keyer.dir/home/pi/pico/pico-sdk/src/rp2_common/hardware_irq/irq.c.obj
                0x00000000100009d0                irq_remove_handler
 .text.irq_add_tail_to_free_list
                0x0000000010000b84       0xb4 CMakeFiles/keyer.dir/home/pi/pico/pico-sdk/src/rp2_common/hardware_irq/irq.c.obj
                0x0000000010000b84                irq_add_tail_to_free_list
 .text.irq_init_priorities
                0x0000000010000c38       0x24 CMakeFiles/keyer.dir/home/pi/pico/pico-sdk/src/rp2_common/hardware_irq/irq.c.obj
                0x0000000010000c38                irq_init_priorities
 .text.lock_init
                0x0000000010000c5c       0x10 CMakeFiles/keyer.dir/home/pi/pico/pico-sdk/src/common/pico_sync/lock_core.c.obj
                0x0000000010000c5c                lock_init
 .text.timer_pool_entry_comparator
                0x0000000010000c6c       0x34 CMakeFiles/keyer.dir/home/pi/pico/pico-sdk/src/common/pico_time/time.c.obj
                0x0000000010000c6c                timer_pool_entry_comparator
 .text.sleep_until_callback
                0x0000000010000ca0       0x30 CMakeFiles/keyer.dir/home/pi/pico/pico-sdk/src/common/pico_time/time.c.obj
 .text.add_alarm_under_lock
                0x0000000010000cd0      0x114 CMakeFiles/keyer.dir/home/pi/pico/pico-sdk/src/common/pico_time/time.c.obj
 .text.alarm_pool_alarm_callback
                0x0000000010000de4      0x1d0 CMakeFiles/keyer.dir/home/pi/pico/pico-sdk/src/common/pico_time/time.c.obj
 .text.alarm_pool_init_default
                0x0000000010000fb4       0x64 CMakeFiles/keyer.dir/home/pi/pico/pico-sdk/src/common/pico_time/time.c.obj
                0x0000000010000fb4                alarm_pool_init_default
 .text.alarm_pool_add_alarm_at
                0x0000000010001018      0x19c CMakeFiles/keyer.dir/home/pi/pico/pico-sdk/src/common/pico_time/time.c.obj
                0x0000000010001018                alarm_pool_add_alarm_at
 .text.sleep_until
                0x00000000100011b4       0xc4 CMakeFiles/keyer.dir/home/pi/pico/pico-sdk/src/common/pico_time/time.c.obj
                0x00000000100011b4                sleep_until
 .text.sleep_ms
                0x0000000010001278       0x38 CMakeFiles/keyer.dir/home/pi/pico/pico-sdk/src/common/pico_time/time.c.obj
                0x0000000010001278                sleep_ms
 .text.hardware_alarm_irq_handler
                0x00000000100012b0       0xb0 CMakeFiles/keyer.dir/home/pi/pico/pico-sdk/src/rp2_common/hardware_timer/timer.c.obj
 .text.hardware_alarm_claim
                0x0000000010001360       0x18 CMakeFiles/keyer.dir/home/pi/pico/pico-sdk/src/rp2_common/hardware_timer/timer.c.obj
                0x0000000010001360                hardware_alarm_claim
 .text.time_us_64
                0x0000000010001378       0x18 CMakeFiles/keyer.dir/home/pi/pico/pico-sdk/src/rp2_common/hardware_timer/timer.c.obj
                0x0000000010001378                time_us_64
 .text.busy_wait_until
                0x0000000010001390       0x20 CMakeFiles/keyer.dir/home/pi/pico/pico-sdk/src/rp2_common/hardware_timer/timer.c.obj
                0x0000000010001390                busy_wait_until
 .text.hardware_alarm_set_callback
                0x00000000100013b0       0x8c CMakeFiles/keyer.dir/home/pi/pico/pico-sdk/src/rp2_common/hardware_timer/timer.c.obj
                0x00000000100013b0                hardware_alarm_set_callback
 .text.hardware_alarm_set_target
                0x000000001000143c       0xe8 CMakeFiles/keyer.dir/home/pi/pico/pico-sdk/src/rp2_common/hardware_timer/timer.c.obj
                0x000000001000143c                hardware_alarm_set_target
 .text.hardware_alarm_cancel
                0x0000000010001524       0x40 CMakeFiles/keyer.dir/home/pi/pico/pico-sdk/src/rp2_common/hardware_timer/timer.c.obj
                0x0000000010001524                hardware_alarm_cancel
 .text.ph_merge_nodes
                0x0000000010001564       0x5c CMakeFiles/keyer.dir/home/pi/pico/pico-sdk/src/common/pico_util/pheap.c.obj
 .text.ph_post_alloc_init
                0x00000000100015c0      0x1b8 CMakeFiles/keyer.dir/home/pi/pico/pico-sdk/src/common/pico_util/pheap.c.obj
                0x00000000100015c0                ph_post_alloc_init
 .text.ph_merge_two_pass
                0x0000000010001778       0x4c CMakeFiles/keyer.dir/home/pi/pico/pico-sdk/src/common/pico_util/pheap.c.obj
                0x0000000010001778                ph_merge_two_pass
 .text.ph_remove_any_head
                0x00000000100017c4      0x1b8 CMakeFiles/keyer.dir/home/pi/pico/pico-sdk/src/common/pico_util/pheap.c.obj
 .text.ph_remove_head
                0x000000001000197c      0x1bc CMakeFiles/keyer.dir/home/pi/pico/pico-sdk/src/common/pico_util/pheap.c.obj
                0x000000001000197c                ph_remove_head
 .text.ph_remove_and_free_node
                0x0000000010001b38       0x7c CMakeFiles/keyer.dir/home/pi/pico/pico-sdk/src/common/pico_util/pheap.c.obj
                0x0000000010001b38                ph_remove_and_free_node
 .text.mutex_init
                0x0000000010001bb4       0x1c CMakeFiles/keyer.dir/home/pi/pico/pico-sdk/src/common/pico_sync/mutex.c.obj
                0x0000000010001bb4                mutex_init
 .text.recursive_mutex_init
                0x0000000010001bd0       0x1c CMakeFiles/keyer.dir/home/pi/pico/pico-sdk/src/common/pico_sync/mutex.c.obj
                0x0000000010001bd0                recursive_mutex_init
 .text.uart_init
                0x0000000010001bec       0xe4 CMakeFiles/keyer.dir/home/pi/pico/pico-sdk/src/rp2_common/hardware_uart/uart.c.obj
                0x0000000010001bec                uart_init
 .text.uart_set_translate_crlf
                0x0000000010001cd0       0x28 CMakeFiles/keyer.dir/home/pi/pico/pico-sdk/src/rp2_common/hardware_uart/uart.c.obj
                0x0000000010001cd0                uart_set_translate_crlf
 .text.runtime_init
                0x0000000010001cf8       0xf4 CMakeFiles/keyer.dir/home/pi/pico/pico-sdk/src/rp2_common/pico_runtime/runtime.c.obj
                0x0000000010001cf8                runtime_init
 .text._exit    0x0000000010001dec        0x4 CMakeFiles/keyer.dir/home/pi/pico/pico-sdk/src/rp2_common/pico_runtime/runtime.c.obj
                0x0000000010001dec                _exit
 .text._sbrk    0x0000000010001df0       0x34 CMakeFiles/keyer.dir/home/pi/pico/pico-sdk/src/rp2_common/pico_runtime/runtime.c.obj
                0x0000000010001df0                _sbrk
 .text.exit     0x0000000010001e24        0x4 CMakeFiles/keyer.dir/home/pi/pico/pico-sdk/src/rp2_common/pico_runtime/runtime.c.obj
                0x0000000010001e24                exit
 .text.panic    0x0000000010001e28       0x30 CMakeFiles/keyer.dir/home/pi/pico/pico-sdk/src/rp2_common/pico_runtime/runtime.c.obj
                0x0000000010001e28                panic
 .text.hard_assertion_failure
                0x0000000010001e58        0xc CMakeFiles/keyer.dir/home/pi/pico/pico-sdk/src/rp2_common/pico_runtime/runtime.c.obj
                0x0000000010001e58                hard_assertion_failure
 .text.clocks_init
                0x0000000010001e64      0x2c0 CMakeFiles/keyer.dir/home/pi/pico/pico-sdk/src/rp2_common/hardware_clocks/clocks.c.obj
                0x0000000010001e64                clocks_init
 .text.clock_get_hz
                0x0000000010002124        0xc CMakeFiles/keyer.dir/home/pi/pico/pico-sdk/src/rp2_common/hardware_clocks/clocks.c.obj
                0x0000000010002124                clock_get_hz
 .text.pll_init
                0x0000000010002130       0xa8 CMakeFiles/keyer.dir/home/pi/pico/pico-sdk/src/rp2_common/hardware_pll/pll.c.obj
                0x0000000010002130                pll_init
 .text.watchdog_start_tick
                0x00000000100021d8       0x10 CMakeFiles/keyer.dir/home/pi/pico/pico-sdk/src/rp2_common/hardware_watchdog/watchdog.c.obj
                0x00000000100021d8                watchdog_start_tick
 .text.xosc_init
                0x00000000100021e8       0x28 CMakeFiles/keyer.dir/home/pi/pico/pico-sdk/src/rp2_common/hardware_xosc/xosc.c.obj
                0x00000000100021e8                xosc_init
 .text._out_null
                0x0000000010002210        0x4 CMakeFiles/keyer.dir/home/pi/pico/pico-sdk/src/rp2_common/pico_printf/printf.c.obj
 .text._out_rev
                0x0000000010002214       0x9c CMakeFiles/keyer.dir/home/pi/pico/pico-sdk/src/rp2_common/pico_printf/printf.c.obj
 .text._ntoa_format
                0x00000000100022b0      0x1c8 CMakeFiles/keyer.dir/home/pi/pico/pico-sdk/src/rp2_common/pico_printf/printf.c.obj
 .text._out_char
                0x0000000010002478       0x10 CMakeFiles/keyer.dir/home/pi/pico/pico-sdk/src/rp2_common/pico_printf/printf.c.obj
 .text._out_fct
                0x0000000010002488       0x10 CMakeFiles/keyer.dir/home/pi/pico/pico-sdk/src/rp2_common/pico_printf/printf.c.obj
 .text._etoa    0x0000000010002498      0x45c CMakeFiles/keyer.dir/home/pi/pico/pico-sdk/src/rp2_common/pico_printf/printf.c.obj
 .text._ftoa    0x00000000100028f4      0x4c0 CMakeFiles/keyer.dir/home/pi/pico/pico-sdk/src/rp2_common/pico_printf/printf.c.obj
 .text._vsnprintf
                0x0000000010002db4      0xad0 CMakeFiles/keyer.dir/home/pi/pico/pico-sdk/src/rp2_common/pico_printf/printf.c.obj
 .text.vfctprintf
                0x0000000010003884       0x20 CMakeFiles/keyer.dir/home/pi/pico/pico-sdk/src/rp2_common/pico_printf/printf.c.obj
                0x0000000010003884                vfctprintf
 .text.weak_raw_vprintf
                0x00000000100038a4       0x30 CMakeFiles/keyer.dir/home/pi/pico/pico-sdk/src/rp2_common/pico_printf/printf.c.obj
                0x00000000100038a4                weak_raw_vprintf
 .text          0x00000000100038d4       0x10 CMakeFiles/keyer.dir/home/pi/pico/pico-sdk/src/rp2_common/pico_bit_ops/bit_ops_aeabi.S.obj
 .text.rom_func_lookup
                0x00000000100038e4       0x10 CMakeFiles/keyer.dir/home/pi/pico/pico-sdk/src/rp2_common/pico_bootrom/bootrom.c.obj
                0x00000000100038e4                rom_func_lookup
 .text.rom_data_lookup
                0x00000000100038f4       0x10 CMakeFiles/keyer.dir/home/pi/pico/pico-sdk/src/rp2_common/pico_bootrom/bootrom.c.obj
                0x00000000100038f4                rom_data_lookup
 .text.rom_funcs_lookup
                0x0000000010003904       0x3c CMakeFiles/keyer.dir/home/pi/pico/pico-sdk/src/rp2_common/pico_bootrom/bootrom.c.obj
                0x0000000010003904                rom_funcs_lookup
 .text.__wrap___aeabi_idiv
                0x0000000010003940       0x50 CMakeFiles/keyer.dir/home/pi/pico/pico-sdk/src/rp2_common/pico_divider/divider.S.obj
                0x0000000010003940                __wrap___aeabi_idivmod
                0x0000000010003940                divmod_s32s32
                0x0000000010003940                div_s32s32
                0x0000000010003940                __wrap___aeabi_idiv
                0x0000000010003948                divmod_s32s32_unsafe
                0x0000000010003974                divmod_s32s32_savestate
 .text.__wrap___aeabi_uidiv
                0x0000000010003990       0x4c CMakeFiles/keyer.dir/home/pi/pico/pico-sdk/src/rp2_common/pico_divider/divider.S.obj
                0x0000000010003990                __wrap___aeabi_uidiv
                0x0000000010003990                __wrap___aeabi_uidivmod
                0x0000000010003990                div_u32u32
                0x0000000010003990                divmod_u32u32
                0x0000000010003998                divmod_u32u32_unsafe
                0x00000000100039c0                divmod_u32u32_savestate
 .text.__wrap___aeabi_ldiv
                0x00000000100039dc      0x434 CMakeFiles/keyer.dir/home/pi/pico/pico-sdk/src/rp2_common/pico_divider/divider.S.obj
                0x00000000100039dc                div_s64s64
                0x00000000100039dc                divmod_s64s64
                0x00000000100039dc                __wrap___aeabi_ldivmod
                0x0000000010003a14                div_u64u64
                0x0000000010003a14                divmod_u64u64
                0x0000000010003a14                __wrap___aeabi_uldivmod
                0x0000000010003a24                divmod_u64u64_savestate
                0x0000000010003a4c                divmod_s64s64_unsafe
                0x0000000010003ad4                divmod_u64u64_unsafe
 .text.__wrap___aeabi_darithmetic
                0x0000000010003e10       0x80 CMakeFiles/keyer.dir/home/pi/pico/pico-sdk/src/rp2_common/pico_double/double_aeabi.S.obj
                0x0000000010003e10                __wrap___aeabi_drsub
                0x0000000010003e16                __wrap___aeabi_dsub
                0x0000000010003e28                __wrap___aeabi_dadd
                0x0000000010003e3a                __wrap___aeabi_ddiv
                0x0000000010003e76                __wrap___aeabi_dmul
 .text.__wrap___aeabi_cdcmple
                0x0000000010003e90       0x6c CMakeFiles/keyer.dir/home/pi/pico/pico-sdk/src/rp2_common/pico_double/double_aeabi.S.obj
                0x0000000010003e90                __wrap___aeabi_cdrcmple
                0x0000000010003ea0                __wrap___aeabi_cdcmple
                0x0000000010003ea0                __wrap___aeabi_cdcmpeq
 .text.__wrap___aeabi_dcmplt
                0x0000000010003efc        0xc CMakeFiles/keyer.dir/home/pi/pico/pico-sdk/src/rp2_common/pico_double/double_aeabi.S.obj
                0x0000000010003efc                __wrap___aeabi_dcmplt
 .text.__wrap___aeabi_dcmpge
                0x0000000010003f08       0x10 CMakeFiles/keyer.dir/home/pi/pico/pico-sdk/src/rp2_common/pico_double/double_aeabi.S.obj
                0x0000000010003f08                __wrap___aeabi_dcmpge
 .text.__wrap___aeabi_dcmpgt
                0x0000000010003f18        0xa CMakeFiles/keyer.dir/home/pi/pico/pico-sdk/src/rp2_common/pico_double/double_aeabi.S.obj
                0x0000000010003f18                __wrap___aeabi_dcmpgt
 .text.__wrap___aeabi_dcmpun
                0x0000000010003f22       0x1c CMakeFiles/keyer.dir/home/pi/pico/pico-sdk/src/rp2_common/pico_double/double_aeabi.S.obj
                0x0000000010003f22                __wrap___aeabi_dcmpun
 *fill*         0x0000000010003f3e        0x2 
 .text.__wrap___aeabi_i2d
                0x0000000010003f40       0x38 CMakeFiles/keyer.dir/home/pi/pico/pico-sdk/src/rp2_common/pico_double/double_aeabi.S.obj
                0x0000000010003f40                __wrap___aeabi_ui2d
                0x0000000010003f48                __wrap___aeabi_i2d
 .text.__wrap___aeabi_d2iz
                0x0000000010003f78       0x48 CMakeFiles/keyer.dir/home/pi/pico/pico-sdk/src/rp2_common/pico_double/double_aeabi.S.obj
                0x0000000010003f78                __wrap___aeabi_d2iz
                0x0000000010003f78                double2int_z
 .text.__wrap___aeabi_d2uiz
                0x0000000010003fc0       0x18 CMakeFiles/keyer.dir/home/pi/pico/pico-sdk/src/rp2_common/pico_double/double_aeabi.S.obj
                0x0000000010003fc0                double2uint
                0x0000000010003fc0                __wrap___aeabi_d2uiz
 .text.__aeabi_double_init
                0x0000000010003fd8       0xbc CMakeFiles/keyer.dir/home/pi/pico/pico-sdk/src/rp2_common/pico_double/double_init_rom.c.obj
                0x0000000010003fd8                __aeabi_double_init
 .text.double_table_shim_on_use_helper
                0x0000000010004094       0x2c CMakeFiles/keyer.dir/home/pi/pico/pico-sdk/src/rp2_common/pico_double/double_v1_rom_shim.S.obj
                0x0000000010004094                double_table_shim_on_use_helper
 .text.__wrap___aeabi_dsub
                0x00000000100040c0       0x10 CMakeFiles/keyer.dir/home/pi/pico/pico-sdk/src/rp2_common/pico_double/double_v1_rom_shim.S.obj
                0x00000000100040c0                drsub_shim
                0x00000000100040c6                dsub_shim
 .text.dadd_shim
                0x00000000100040d0      0x15c CMakeFiles/keyer.dir/home/pi/pico/pico-sdk/src/rp2_common/pico_double/double_v1_rom_shim.S.obj
                0x00000000100040d0                dadd_shim
 .text.dmul_shim
                0x000000001000422c      0x15c CMakeFiles/keyer.dir/home/pi/pico/pico-sdk/src/rp2_common/pico_double/double_v1_rom_shim.S.obj
                0x000000001000422c                dmul_shim
 .text.ddiv_shim
                0x0000000010004388      0x1b0 CMakeFiles/keyer.dir/home/pi/pico/pico-sdk/src/rp2_common/pico_double/double_v1_rom_shim.S.obj
                0x0000000010004388                ddiv_shim
 .text.double2uint_shim
                0x0000000010004538        0xe CMakeFiles/keyer.dir/home/pi/pico/pico-sdk/src/rp2_common/pico_double/double_v1_rom_shim.S.obj
                0x0000000010004538                double2uint_shim
                0x000000001000453a                double2ufix_shim
 *fill*         0x0000000010004546        0x2 
 .text.double2uint64_shim
                0x0000000010004548       0x70 CMakeFiles/keyer.dir/home/pi/pico/pico-sdk/src/rp2_common/pico_double/double_v1_rom_shim.S.obj
                0x0000000010004548                double2uint64_shim
                0x000000001000454a                double2ufix64_shim
                0x000000001000456a                d2fix_a
 .text.dunpacks
                0x00000000100045b8       0x3c CMakeFiles/keyer.dir/home/pi/pico/pico-sdk/src/rp2_common/pico_double/double_v1_rom_shim.S.obj
                0x00000000100045b8                dunpacks
 .text.__aeabi_lmul
                0x00000000100045f4       0x32 CMakeFiles/keyer.dir/home/pi/pico/pico-sdk/src/rp2_common/pico_int64_ops/pico_int64_ops_aeabi.S.obj
                0x00000000100045f4                __wrap___aeabi_lmul
 *fill*         0x0000000010004626        0x2 
 .text.__aeabi_float_init
                0x0000000010004628       0x68 CMakeFiles/keyer.dir/home/pi/pico/pico-sdk/src/rp2_common/pico_float/float_init_rom.c.obj
                0x0000000010004628                __aeabi_float_init
 .text.float_table_shim_on_use_helper
                0x0000000010004690       0x2c CMakeFiles/keyer.dir/home/pi/pico/pico-sdk/src/rp2_common/pico_float/float_v1_rom_shim.S.obj
                0x0000000010004690                float_table_shim_on_use_helper
 .text.__wrap_malloc
                0x00000000100046bc       0x24 CMakeFiles/keyer.dir/home/pi/pico/pico-sdk/src/rp2_common/pico_malloc/pico_malloc.c.obj
                0x00000000100046bc                __wrap_malloc
 .text.__wrap_free
                0x00000000100046e0        0x8 CMakeFiles/keyer.dir/home/pi/pico/pico-sdk/src/rp2_common/pico_malloc/pico_malloc.c.obj
                0x00000000100046e0                __wrap_free
 .text          0x00000000100046e8       0x10 CMakeFiles/keyer.dir/home/pi/pico/pico-sdk/src/rp2_common/pico_mem_ops/mem_ops_aeabi.S.obj
                0x00000000100046e8                __aeabi_mem_init
 .text.memset   0x00000000100046f8        0xc CMakeFiles/keyer.dir/home/pi/pico/pico-sdk/src/rp2_common/pico_mem_ops/mem_ops_aeabi.S.obj
                0x00000000100046f8                __wrap_memset
 .text.memcpy   0x0000000010004704        0xc CMakeFiles/keyer.dir/home/pi/pico/pico-sdk/src/rp2_common/pico_mem_ops/mem_ops_aeabi.S.obj
                0x0000000010004704                __wrap___aeabi_memcpy
                0x0000000010004704                __wrap_memcpy
 .text._Znwj    0x0000000010004710        0x8 CMakeFiles/keyer.dir/home/pi/pico/pico-sdk/src/rp2_common/pico_standard_link/new_delete.cpp.obj
                0x0000000010004710                operator new(unsigned int)
 .text._ZdlPv   0x0000000010004718        0x8 CMakeFiles/keyer.dir/home/pi/pico/pico-sdk/src/rp2_common/pico_standard_link/new_delete.cpp.obj
                0x0000000010004718                operator delete(void*)
 .text._ZdlPvj  0x0000000010004720        0x8 CMakeFiles/keyer.dir/home/pi/pico/pico-sdk/src/rp2_common/pico_standard_link/new_delete.cpp.obj
                0x0000000010004720                operator delete(void*, unsigned int)
 .text.stdio_out_chars_no_crlf
                0x0000000010004728       0x10 CMakeFiles/keyer.dir/home/pi/pico/pico-sdk/src/rp2_common/pico_stdio/stdio.c.obj
 .text.stdio_out_chars_crlf
                0x0000000010004738       0xac CMakeFiles/keyer.dir/home/pi/pico/pico-sdk/src/rp2_common/pico_stdio/stdio.c.obj
 .text.stdio_stack_buffer_flush.part.1
                0x00000000100047e4       0xe8 CMakeFiles/keyer.dir/home/pi/pico/pico-sdk/src/rp2_common/pico_stdio/stdio.c.obj
 .text.stdio_buffered_printer
                0x00000000100048cc       0x20 CMakeFiles/keyer.dir/home/pi/pico/pico-sdk/src/rp2_common/pico_stdio/stdio.c.obj
 .text.stdio_put_string
                0x00000000100048ec       0xf8 CMakeFiles/keyer.dir/home/pi/pico/pico-sdk/src/rp2_common/pico_stdio/stdio.c.obj
 .text.__wrap_putchar
                0x00000000100049e4       0xa4 CMakeFiles/keyer.dir/home/pi/pico/pico-sdk/src/rp2_common/pico_stdio/stdio.c.obj
                0x00000000100049e4                __wrap_putchar
 .text.__wrap_puts
                0x0000000010004a88       0x3c CMakeFiles/keyer.dir/home/pi/pico/pico-sdk/src/rp2_common/pico_stdio/stdio.c.obj
                0x0000000010004a88                __wrap_puts
 .text.stdio_set_driver_enabled
                0x0000000010004ac4       0x30 CMakeFiles/keyer.dir/home/pi/pico/pico-sdk/src/rp2_common/pico_stdio/stdio.c.obj
                0x0000000010004ac4                stdio_set_driver_enabled
 .text.__wrap_vprintf
                0x0000000010004af4       0x98 CMakeFiles/keyer.dir/home/pi/pico/pico-sdk/src/rp2_common/pico_stdio/stdio.c.obj
                0x0000000010004af4                __wrap_vprintf
 .text.__wrap_printf
                0x0000000010004b8c       0x18 CMakeFiles/keyer.dir/home/pi/pico/pico-sdk/src/rp2_common/pico_stdio/stdio.c.obj
                0x0000000010004b8c                __wrap_printf
 .text.stdio_init_all
                0x0000000010004ba4        0x8 CMakeFiles/keyer.dir/home/pi/pico/pico-sdk/src/rp2_common/pico_stdio/stdio.c.obj
                0x0000000010004ba4                stdio_init_all
 .text.stdio_uart_out_chars
                0x0000000010004bac       0x4c CMakeFiles/keyer.dir/home/pi/pico/pico-sdk/src/rp2_common/pico_stdio_uart/stdio_uart.c.obj
 .text.stdio_uart_in_chars
                0x0000000010004bf8       0x3c CMakeFiles/keyer.dir/home/pi/pico/pico-sdk/src/rp2_common/pico_stdio_uart/stdio_uart.c.obj
                0x0000000010004bf8                stdio_uart_in_chars
 .text.stdio_uart_init
                0x0000000010004c34       0x48 CMakeFiles/keyer.dir/home/pi/pico/pico-sdk/src/rp2_common/pico_stdio_uart/stdio_uart.c.obj
                0x0000000010004c34                stdio_uart_init
 .text._ZSt17__throw_bad_allocv
                0x0000000010004c7c       0x20 /usr/lib/gcc/arm-none-eabi/8.3.1/../../../arm-none-eabi/lib/thumb/v6-m/nofp/libstdc++.a(functexcept.o)
                0x0000000010004c7c                std::__throw_bad_alloc()
 .text._ZL23__gxx_exception_cleanup19_Unwind_Reason_CodeP21_Unwind_Control_Block
                0x0000000010004c9c       0x34 /usr/lib/gcc/arm-none-eabi/8.3.1/../../../arm-none-eabi/lib/thumb/v6-m/nofp/libstdc++.a(eh_throw.o)
 .text.__cxa_init_primary_exception
                0x0000000010004cd0       0x4c /usr/lib/gcc/arm-none-eabi/8.3.1/../../../arm-none-eabi/lib/thumb/v6-m/nofp/libstdc++.a(eh_throw.o)
                0x0000000010004cd0                __cxa_init_primary_exception
 .text.__cxa_throw
                0x0000000010004d1c       0x34 /usr/lib/gcc/arm-none-eabi/8.3.1/../../../arm-none-eabi/lib/thumb/v6-m/nofp/libstdc++.a(eh_throw.o)
                0x0000000010004d1c                __cxa_throw
 .text.__cxa_rethrow
                0x0000000010004d50       0x70 /usr/lib/gcc/arm-none-eabi/8.3.1/../../../arm-none-eabi/lib/thumb/v6-m/nofp/libstdc++.a(eh_throw.o)
                0x0000000010004d50                __cxa_rethrow
 .text._ZN10__cxxabiv111__terminateEPFvvE
                0x0000000010004dc0       0x28 /usr/lib/gcc/arm-none-eabi/8.3.1/../../../arm-none-eabi/lib/thumb/v6-m/nofp/libstdc++.a(eh_terminate.o)
                0x0000000010004dc0                __cxxabiv1::__terminate(void (*)())
 .text._ZSt9terminatev
                0x0000000010004de8       0x10 /usr/lib/gcc/arm-none-eabi/8.3.1/../../../arm-none-eabi/lib/thumb/v6-m/nofp/libstdc++.a(eh_terminate.o)
                0x0000000010004de8                std::terminate()
 .text._ZN10__cxxabiv112__unexpectedEPFvvE
                0x0000000010004df8        0x8 /usr/lib/gcc/arm-none-eabi/8.3.1/../../../arm-none-eabi/lib/thumb/v6-m/nofp/libstdc++.a(eh_terminate.o)
                0x0000000010004df8                __cxxabiv1::__unexpected(void (*)())
 .text._ZSt10unexpectedv
                0x0000000010004e00       0x10 /usr/lib/gcc/arm-none-eabi/8.3.1/../../../arm-none-eabi/lib/thumb/v6-m/nofp/libstdc++.a(eh_terminate.o)
                0x0000000010004e00                std::unexpected()
 .text._ZSt13get_terminatev
                0x0000000010004e10        0xc /usr/lib/gcc/arm-none-eabi/8.3.1/../../../arm-none-eabi/lib/thumb/v6-m/nofp/libstdc++.a(eh_terminate.o)
                0x0000000010004e10                std::get_terminate()
 .text._ZSt14get_unexpectedv
                0x0000000010004e1c        0xc /usr/lib/gcc/arm-none-eabi/8.3.1/../../../arm-none-eabi/lib/thumb/v6-m/nofp/libstdc++.a(eh_terminate.o)
                0x0000000010004e1c                std::get_unexpected()
 .text._ZL28read_encoded_value_with_basehjPKhPj
                0x0000000010004e28      0x10c /usr/lib/gcc/arm-none-eabi/8.3.1/../../../arm-none-eabi/lib/thumb/v6-m/nofp/libstdc++.a(eh_personality.o)
 .text._ZL21base_of_encoded_valuehP15_Unwind_Context
                0x0000000010004f34       0x48 /usr/lib/gcc/arm-none-eabi/8.3.1/../../../arm-none-eabi/lib/thumb/v6-m/nofp/libstdc++.a(eh_personality.o)
 .text._ZL17parse_lsda_headerP15_Unwind_ContextPKhP16lsda_header_info
                0x0000000010004f7c       0x9c /usr/lib/gcc/arm-none-eabi/8.3.1/../../../arm-none-eabi/lib/thumb/v6-m/nofp/libstdc++.a(eh_personality.o)
 .text.__gxx_personality_v0
                0x0000000010005018      0x4a4 /usr/lib/gcc/arm-none-eabi/8.3.1/../../../arm-none-eabi/lib/thumb/v6-m/nofp/libstdc++.a(eh_personality.o)
                0x0000000010005018                __gxx_personality_v0
 .text.__cxa_get_globals_fast
                0x00000000100054bc        0x8 /usr/lib/gcc/arm-none-eabi/8.3.1/../../../arm-none-eabi/lib/thumb/v6-m/nofp/libstdc++.a(eh_globals.o)
                0x00000000100054bc                __cxa_get_globals_fast
 .text.__cxa_get_globals
                0x00000000100054c4        0x8 /usr/lib/gcc/arm-none-eabi/8.3.1/../../../arm-none-eabi/lib/thumb/v6-m/nofp/libstdc++.a(eh_globals.o)
                0x00000000100054c4                __cxa_get_globals
 .text._ZNSt9exceptionD2Ev
                0x00000000100054cc        0x4 /usr/lib/gcc/arm-none-eabi/8.3.1/../../../arm-none-eabi/lib/thumb/v6-m/nofp/libstdc++.a(eh_exception.o)
                0x00000000100054cc                std::exception::~exception()
                0x00000000100054cc                std::exception::~exception()
 .text._ZNSt13bad_exceptionD2Ev
                0x00000000100054d0        0x4 /usr/lib/gcc/arm-none-eabi/8.3.1/../../../arm-none-eabi/lib/thumb/v6-m/nofp/libstdc++.a(eh_exception.o)
                0x00000000100054d0                std::bad_exception::~bad_exception()
                0x00000000100054d0                std::bad_exception::~bad_exception()
 .text._ZNKSt13bad_exception4whatEv
                0x00000000100054d4        0x8 /usr/lib/gcc/arm-none-eabi/8.3.1/../../../arm-none-eabi/lib/thumb/v6-m/nofp/libstdc++.a(eh_exception.o)
                0x00000000100054d4                transaction clone for std::bad_exception::what() const
                0x00000000100054d4                std::bad_exception::what() const
 .text._ZNSt13bad_exceptionD0Ev
                0x00000000100054dc       0x10 /usr/lib/gcc/arm-none-eabi/8.3.1/../../../arm-none-eabi/lib/thumb/v6-m/nofp/libstdc++.a(eh_exception.o)
                0x00000000100054dc                std::bad_exception::~bad_exception()
 .text.__cxa_begin_catch
                0x00000000100054ec       0x74 /usr/lib/gcc/arm-none-eabi/8.3.1/../../../arm-none-eabi/lib/thumb/v6-m/nofp/libstdc++.a(eh_catch.o)
                0x00000000100054ec                __cxa_begin_catch
 .text.__cxa_end_catch
                0x0000000010005560       0x8c /usr/lib/gcc/arm-none-eabi/8.3.1/../../../arm-none-eabi/lib/thumb/v6-m/nofp/libstdc++.a(eh_catch.o)
                0x0000000010005560                __cxa_end_catch
 .text._ZN10__cxxabiv1L24__is_gxx_exception_classEPc
                0x00000000100055ec       0x3c /usr/lib/gcc/arm-none-eabi/8.3.1/../../../arm-none-eabi/lib/thumb/v6-m/nofp/libstdc++.a(eh_call.o)
 .text.__cxa_call_terminate
                0x0000000010005628       0x20 /usr/lib/gcc/arm-none-eabi/8.3.1/../../../arm-none-eabi/lib/thumb/v6-m/nofp/libstdc++.a(eh_call.o)
                0x0000000010005628                __cxa_call_terminate
 .text.unlikely.__cxa_call_unexpected
                0x0000000010005648      0x100 /usr/lib/gcc/arm-none-eabi/8.3.1/../../../arm-none-eabi/lib/thumb/v6-m/nofp/libstdc++.a(eh_call.o)
                0x0000000010005648                __cxa_call_unexpected
 .text.__cxa_end_cleanup
                0x0000000010005748        0xc /usr/lib/gcc/arm-none-eabi/8.3.1/../../../arm-none-eabi/lib/thumb/v6-m/nofp/libstdc++.a(eh_arm.o)
                0x0000000010005748                __cxa_end_cleanup
 .text.__cxa_type_match
                0x0000000010005754       0xd0 /usr/lib/gcc/arm-none-eabi/8.3.1/../../../arm-none-eabi/lib/thumb/v6-m/nofp/libstdc++.a(eh_arm.o)
                0x0000000010005754                __cxa_type_match
 .text.__cxa_begin_cleanup
                0x0000000010005824       0x60 /usr/lib/gcc/arm-none-eabi/8.3.1/../../../arm-none-eabi/lib/thumb/v6-m/nofp/libstdc++.a(eh_arm.o)
                0x0000000010005824                __cxa_begin_cleanup
 .text.__gnu_end_cleanup
                0x0000000010005884       0x70 /usr/lib/gcc/arm-none-eabi/8.3.1/../../../arm-none-eabi/lib/thumb/v6-m/nofp/libstdc++.a(eh_arm.o)
                0x0000000010005884                __gnu_end_cleanup
 .text._ZN12_GLOBAL__N_14pool4freeEPv.constprop.4
                0x00000000100058f4       0x84 /usr/lib/gcc/arm-none-eabi/8.3.1/../../../arm-none-eabi/lib/thumb/v6-m/nofp/libstdc++.a(eh_alloc.o)
 .text._ZN12_GLOBAL__N_14pool8allocateEj.constprop.5
                0x0000000010005978       0x64 /usr/lib/gcc/arm-none-eabi/8.3.1/../../../arm-none-eabi/lib/thumb/v6-m/nofp/libstdc++.a(eh_alloc.o)
 .text.__cxa_allocate_exception
                0x00000000100059dc       0x2c /usr/lib/gcc/arm-none-eabi/8.3.1/../../../arm-none-eabi/lib/thumb/v6-m/nofp/libstdc++.a(eh_alloc.o)
                0x00000000100059dc                __cxa_allocate_exception
 .text.__cxa_free_exception
                0x0000000010005a08       0x24 /usr/lib/gcc/arm-none-eabi/8.3.1/../../../arm-none-eabi/lib/thumb/v6-m/nofp/libstdc++.a(eh_alloc.o)
                0x0000000010005a08                __cxa_free_exception
 .text.startup._GLOBAL__sub_I__ZN9__gnu_cxx9__freeresEv
                0x0000000010005a2c       0x2c /usr/lib/gcc/arm-none-eabi/8.3.1/../../../arm-none-eabi/lib/thumb/v6-m/nofp/libstdc++.a(eh_alloc.o)
 .text._ZNK10__cxxabiv117__class_type_info11__do_upcastEPKS0_PPv
                0x0000000010005a58       0x38 /usr/lib/gcc/arm-none-eabi/8.3.1/../../../arm-none-eabi/lib/thumb/v6-m/nofp/libstdc++.a(class_type_info.o)
                0x0000000010005a58                __cxxabiv1::__class_type_info::__do_upcast(__cxxabiv1::__class_type_info const*, void**) const
 .text._ZNK10__cxxabiv117__class_type_info20__do_find_public_srcEiPKvPKS0_S2_
                0x0000000010005a90       0x14 /usr/lib/gcc/arm-none-eabi/8.3.1/../../../arm-none-eabi/lib/thumb/v6-m/nofp/libstdc++.a(class_type_info.o)
                0x0000000010005a90                __cxxabiv1::__class_type_info::__do_find_public_src(int, void const*, __cxxabiv1::__class_type_info const*, void const*) const
 .text._ZN10__cxxabiv117__class_type_infoD2Ev
                0x0000000010005aa4       0x18 /usr/lib/gcc/arm-none-eabi/8.3.1/../../../arm-none-eabi/lib/thumb/v6-m/nofp/libstdc++.a(class_type_info.o)
                0x0000000010005aa4                __cxxabiv1::__class_type_info::~__class_type_info()
                0x0000000010005aa4                __cxxabiv1::__class_type_info::~__class_type_info()
 .text._ZN10__cxxabiv117__class_type_infoD0Ev
                0x0000000010005abc       0x20 /usr/lib/gcc/arm-none-eabi/8.3.1/../../../arm-none-eabi/lib/thumb/v6-m/nofp/libstdc++.a(class_type_info.o)
                0x0000000010005abc                __cxxabiv1::__class_type_info::~__class_type_info()
 .text._ZNK10__cxxabiv117__class_type_info12__do_dyncastEiNS0_10__sub_kindEPKS0_PKvS3_S5_RNS0_16__dyncast_resultE
                0x0000000010005adc       0x40 /usr/lib/gcc/arm-none-eabi/8.3.1/../../../arm-none-eabi/lib/thumb/v6-m/nofp/libstdc++.a(class_type_info.o)
                0x0000000010005adc                __cxxabiv1::__class_type_info::__do_dyncast(int, __cxxabiv1::__class_type_info::__sub_kind, __cxxabiv1::__class_type_info const*, void const*, __cxxabiv1::__class_type_info const*, void const*, __cxxabiv1::__class_type_info::__dyncast_result&) const
 .text._ZNK10__cxxabiv117__class_type_info11__do_upcastEPKS0_PKvRNS0_15__upcast_resultE
                0x0000000010005b1c       0x1c /usr/lib/gcc/arm-none-eabi/8.3.1/../../../arm-none-eabi/lib/thumb/v6-m/nofp/libstdc++.a(class_type_info.o)
                0x0000000010005b1c                __cxxabiv1::__class_type_info::__do_upcast(__cxxabiv1::__class_type_info const*, void const*, __cxxabiv1::__class_type_info::__upcast_result&) const
 .text._ZNK10__cxxabiv117__class_type_info10__do_catchEPKSt9type_infoPPvj
                0x0000000010005b38       0x24 /usr/lib/gcc/arm-none-eabi/8.3.1/../../../arm-none-eabi/lib/thumb/v6-m/nofp/libstdc++.a(class_type_info.o)
                0x0000000010005b38                __cxxabiv1::__class_type_info::__do_catch(std::type_info const*, void**, unsigned int) const
 .text._ZNKSt9bad_alloc4whatEv
                0x0000000010005b5c        0x8 /usr/lib/gcc/arm-none-eabi/8.3.1/../../../arm-none-eabi/lib/thumb/v6-m/nofp/libstdc++.a(bad_alloc.o)
                0x0000000010005b5c                std::bad_alloc::what() const
 .text._ZNSt9bad_allocD2Ev
                0x0000000010005b64       0x18 /usr/lib/gcc/arm-none-eabi/8.3.1/../../../arm-none-eabi/lib/thumb/v6-m/nofp/libstdc++.a(bad_alloc.o)
                0x0000000010005b64                std::bad_alloc::~bad_alloc()
                0x0000000010005b64                std::bad_alloc::~bad_alloc()
 .text._ZNSt9bad_allocD0Ev
                0x0000000010005b7c       0x20 /usr/lib/gcc/arm-none-eabi/8.3.1/../../../arm-none-eabi/lib/thumb/v6-m/nofp/libstdc++.a(bad_alloc.o)
                0x0000000010005b7c                std::bad_alloc::~bad_alloc()
 .text._ZNSt9type_infoD2Ev
                0x0000000010005b9c        0x4 /usr/lib/gcc/arm-none-eabi/8.3.1/../../../arm-none-eabi/lib/thumb/v6-m/nofp/libstdc++.a(tinfo.o)
                0x0000000010005b9c                std::type_info::~type_info()
                0x0000000010005b9c                std::type_info::~type_info()
 .text._ZNKSt9type_info14__is_pointer_pEv
                0x0000000010005ba0        0x4 /usr/lib/gcc/arm-none-eabi/8.3.1/../../../arm-none-eabi/lib/thumb/v6-m/nofp/libstdc++.a(tinfo.o)
                0x0000000010005ba0                std::type_info::__is_function_p() const
                0x0000000010005ba0                std::type_info::__is_pointer_p() const
 .text._ZNKSt9type_infoeqERKS_
                0x0000000010005ba4       0x30 /usr/lib/gcc/arm-none-eabi/8.3.1/../../../arm-none-eabi/lib/thumb/v6-m/nofp/libstdc++.a(tinfo.o)
                0x0000000010005ba4                std::type_info::operator==(std::type_info const&) const
 .text._ZN10__cxxabiv120__si_class_type_infoD2Ev
                0x0000000010005bd4       0x18 /usr/lib/gcc/arm-none-eabi/8.3.1/../../../arm-none-eabi/lib/thumb/v6-m/nofp/libstdc++.a(si_class_type_info.o)
                0x0000000010005bd4                __cxxabiv1::__si_class_type_info::~__si_class_type_info()
                0x0000000010005bd4                __cxxabiv1::__si_class_type_info::~__si_class_type_info()
 .text._ZN10__cxxabiv120__si_class_type_infoD0Ev
                0x0000000010005bec       0x20 /usr/lib/gcc/arm-none-eabi/8.3.1/../../../arm-none-eabi/lib/thumb/v6-m/nofp/libstdc++.a(si_class_type_info.o)
                0x0000000010005bec                __cxxabiv1::__si_class_type_info::~__si_class_type_info()
 .text._ZNK10__cxxabiv120__si_class_type_info20__do_find_public_srcEiPKvPKNS_17__class_type_infoES2_
                0x0000000010005c0c       0x38 /usr/lib/gcc/arm-none-eabi/8.3.1/../../../arm-none-eabi/lib/thumb/v6-m/nofp/libstdc++.a(si_class_type_info.o)
                0x0000000010005c0c                __cxxabiv1::__si_class_type_info::__do_find_public_src(int, void const*, __cxxabiv1::__class_type_info const*, void const*) const
 .text._ZNK10__cxxabiv120__si_class_type_info12__do_dyncastEiNS_17__class_type_info10__sub_kindEPKS1_PKvS4_S6_RNS1_16__dyncast_resultE
                0x0000000010005c44       0x9c /usr/lib/gcc/arm-none-eabi/8.3.1/../../../arm-none-eabi/lib/thumb/v6-m/nofp/libstdc++.a(si_class_type_info.o)
                0x0000000010005c44                __cxxabiv1::__si_class_type_info::__do_dyncast(int, __cxxabiv1::__class_type_info::__sub_kind, __cxxabiv1::__class_type_info const*, void const*, __cxxabiv1::__class_type_info const*, void const*, __cxxabiv1::__class_type_info::__dyncast_result&) const
 .text._ZNK10__cxxabiv120__si_class_type_info11__do_upcastEPKNS_17__class_type_infoEPKvRNS1_15__upcast_resultE
                0x0000000010005ce0       0x24 /usr/lib/gcc/arm-none-eabi/8.3.1/../../../arm-none-eabi/lib/thumb/v6-m/nofp/libstdc++.a(si_class_type_info.o)
                0x0000000010005ce0                __cxxabiv1::__si_class_type_info::__do_upcast(__cxxabiv1::__class_type_info const*, void const*, __cxxabiv1::__class_type_info::__upcast_result&) const
 .text          0x0000000010005d04       0x10 /usr/lib/gcc/arm-none-eabi/8.3.1/../../../arm-none-eabi/lib/thumb/v6-m/nofp/libc.a(lib_a-abort.o)
                0x0000000010005d04                abort
 .text          0x0000000010005d14       0x18 /usr/lib/gcc/arm-none-eabi/8.3.1/../../../arm-none-eabi/lib/thumb/v6-m/nofp/libc.a(lib_a-atoi.o)
                0x0000000010005d14                atoi
                0x0000000010005d20                _atoi_r
 .text          0x0000000010005d2c       0x28 /usr/lib/gcc/arm-none-eabi/8.3.1/../../../arm-none-eabi/lib/thumb/v6-m/nofp/libc.a(lib_a-malloc.o)
                0x0000000010005d2c                malloc
                0x0000000010005d40                free
 .text          0x0000000010005d54      0x58c /usr/lib/gcc/arm-none-eabi/8.3.1/../../../arm-none-eabi/lib/thumb/v6-m/nofp/libc.a(lib_a-mallocr.o)
                0x0000000010005d54                _malloc_r
 .text          0x00000000100062e0        0x8 /usr/lib/gcc/arm-none-eabi/8.3.1/../../../arm-none-eabi/lib/thumb/v6-m/nofp/libc.a(lib_a-mlock.o)
                0x00000000100062e0                __malloc_lock
                0x00000000100062e4                __malloc_unlock
 .text          0x00000000100062e8       0x24 /usr/lib/gcc/arm-none-eabi/8.3.1/../../../arm-none-eabi/lib/thumb/v6-m/nofp/libc.a(lib_a-sbrkr.o)
                0x00000000100062e8                _sbrk_r
 .text          0x000000001000630c      0x190 /usr/lib/gcc/arm-none-eabi/8.3.1/../../../arm-none-eabi/lib/thumb/v6-m/nofp/libc.a(lib_a-signal.o)
                0x0000000010006338                _init_signal_r
                0x0000000010006354                _signal_r
                0x0000000010006390                _raise_r
                0x00000000100063ec                __sigtramp_r
                0x000000001000643c                raise
                0x0000000010006450                signal
                0x0000000010006468                _init_signal
                0x0000000010006488                __sigtramp
 .text          0x000000001000649c       0x30 /usr/lib/gcc/arm-none-eabi/8.3.1/../../../arm-none-eabi/lib/thumb/v6-m/nofp/libc.a(lib_a-signalr.o)
                0x000000001000649c                _kill_r
                0x00000000100064c4                _getpid_r
 .text          0x00000000100064cc       0x88 /usr/lib/gcc/arm-none-eabi/8.3.1/../../../arm-none-eabi/lib/thumb/v6-m/nofp/libc.a(lib_a-strcmp.o)
                0x00000000100064cc                strcmp
 .text          0x0000000010006554       0x68 /usr/lib/gcc/arm-none-eabi/8.3.1/../../../arm-none-eabi/lib/thumb/v6-m/nofp/libc.a(lib_a-strlen-stub.o)
                0x0000000010006554                strlen
 .text          0x00000000100065bc      0x184 /usr/lib/gcc/arm-none-eabi/8.3.1/../../../arm-none-eabi/lib/thumb/v6-m/nofp/libc.a(lib_a-strtol.o)
                0x0000000010006708                _strtol_r
                0x0000000010006710                strtol_l
                0x0000000010006728                strtol
 .text          0x0000000010006740        0xc /usr/lib/gcc/arm-none-eabi/8.3.1/../../../arm-none-eabi/lib/thumb/v6-m/nofp/libc.a(lib_a-errno.o)
                0x0000000010006740                __errno
 .text          0x000000001000674c      0x27c /usr/lib/gcc/arm-none-eabi/8.3.1/../../../arm-none-eabi/lib/thumb/v6-m/nofp/libc.a(lib_a-freer.o)
                0x000000001000674c                _malloc_trim_r
                0x00000000100067ec                _free_r
 .text          0x00000000100069c8       0x10 /usr/lib/gcc/arm-none-eabi/8.3.1/../../../arm-none-eabi/lib/thumb/v6-m/nofp/libnosys.a(getpid.o)
                0x00000000100069c8                _getpid
 .text          0x00000000100069d8       0x10 /usr/lib/gcc/arm-none-eabi/8.3.1/../../../arm-none-eabi/lib/thumb/v6-m/nofp/libnosys.a(kill.o)
                0x00000000100069d8                _kill
 *(.fini)
 .fini          0x00000000100069e8        0x4 /usr/lib/gcc/arm-none-eabi/8.3.1/thumb/v6-m/nofp/crti.o
                0x00000000100069e8                _fini
 *fill*         0x00000000100069ec        0x4 
 .fini.__stub   0x00000000100069f0      0x120 linker stubs
 *crtbegin.o(.ctors)
 *crtbegin?.o(.ctors)
 *(EXCLUDE_FILE(*crtend.o *crtend?.o) .ctors)
 *(SORT_BY_NAME(.ctors.*))
 *(.ctors)
 *crtbegin.o(.dtors)
 *crtbegin?.o(.dtors)
 *(EXCLUDE_FILE(*crtend.o *crtend?.o) .dtors)
 *(SORT_BY_NAME(.dtors.*))
 *(.dtors)
 *(.eh_frame*)
 .eh_frame      0x0000000010006b10        0x0 /usr/lib/gcc/arm-none-eabi/8.3.1/thumb/v6-m/nofp/crtbegin.o
                0x0000000010006b10                . = ALIGN (0x4)

.glue_7         0x0000000010006b10        0x0
 .glue_7        0x0000000010006b10        0x0 linker stubs

.glue_7t        0x0000000010006b10        0x0
 .glue_7t       0x0000000010006b10        0x0 linker stubs

.vfp11_veneer   0x0000000010006b10        0x0
 .vfp11_veneer  0x0000000010006b10        0x0 linker stubs

.v4_bx          0x0000000010006b10        0x0
 .v4_bx         0x0000000010006b10        0x0 linker stubs

.iplt           0x0000000010006b10        0x0
 .iplt          0x0000000010006b10        0x0 /usr/lib/gcc/arm-none-eabi/8.3.1/thumb/v6-m/nofp/crtbegin.o

.rodata         0x0000000010006b10      0x76c
 *(EXCLUDE_FILE(*libm.a: *libc.a:*lib_a-mem*.o *libgcc.a:) .rodata*)
 .rodata._Z4loopv.str1.4
                0x0000000010006b10       0x1a CMakeFiles/keyer.dir/keyer.cpp.obj
                                         0x1e (size before relaxing)
 *fill*         0x0000000010006b2a        0x2 
 .rodata.str1.4
                0x0000000010006b2c      0x109 CMakeFiles/keyer.dir/keyer.cpp.obj
                                        0x11d (size before relaxing)
 *fill*         0x0000000010006c35        0x3 
 .rodata.hardware_alarm_claim.str1.4
                0x0000000010006c38       0x22 CMakeFiles/keyer.dir/home/pi/pico/pico-sdk/src/rp2_common/hardware_timer/timer.c.obj
 *fill*         0x0000000010006c5a        0x2 
 .rodata.hard_assertion_failure.str1.4
                0x0000000010006c5c        0xc CMakeFiles/keyer.dir/home/pi/pico/pico-sdk/src/rp2_common/pico_runtime/runtime.c.obj
 .rodata.panic.str1.4
                0x0000000010006c68       0x12 CMakeFiles/keyer.dir/home/pi/pico/pico-sdk/src/rp2_common/pico_runtime/runtime.c.obj
 *fill*         0x0000000010006c7a        0x2 
 .rodata._vsnprintf
                0x0000000010006c7c      0x1e0 CMakeFiles/keyer.dir/home/pi/pico/pico-sdk/src/rp2_common/pico_printf/printf.c.obj
 .rodata._ftoa.str1.4
                0x0000000010006e5c       0x15 CMakeFiles/keyer.dir/home/pi/pico/pico-sdk/src/rp2_common/pico_printf/printf.c.obj
 *fill*         0x0000000010006e71        0x7 
 .rodata.pow10.5494
                0x0000000010006e78       0x50 CMakeFiles/keyer.dir/home/pi/pico/pico-sdk/src/rp2_common/pico_printf/printf.c.obj
 .rodata.__wrap_malloc.str1.4
                0x0000000010006ec8        0xe CMakeFiles/keyer.dir/home/pi/pico/pico-sdk/src/rp2_common/pico_malloc/pico_malloc.c.obj
 *fill*         0x0000000010006ed6        0x2 
 .rodata.__bi_44
                0x0000000010006ed8        0xc CMakeFiles/keyer.dir/home/pi/pico/pico-sdk/src/rp2_common/pico_standard_link/binary_info.c.obj
 .rodata.__bi_75
                0x0000000010006ee4        0xc CMakeFiles/keyer.dir/home/pi/pico/pico-sdk/src/rp2_common/pico_standard_link/binary_info.c.obj
 .rodata.__bi_81
                0x0000000010006ef0        0xc CMakeFiles/keyer.dir/home/pi/pico/pico-sdk/src/rp2_common/pico_standard_link/binary_info.c.obj
 .rodata.str1.4
                0x0000000010006efc       0x3c CMakeFiles/keyer.dir/home/pi/pico/pico-sdk/src/rp2_common/pico_standard_link/binary_info.c.obj
 .rodata.crlf_str.6110
                0x0000000010006f38        0x2 CMakeFiles/keyer.dir/home/pi/pico/pico-sdk/src/rp2_common/pico_stdio/stdio.c.obj
 *fill*         0x0000000010006f3a        0x2 
 .rodata.__bi_28.4909
                0x0000000010006f3c        0xc CMakeFiles/keyer.dir/home/pi/pico/pico-sdk/src/rp2_common/pico_stdio_uart/stdio_uart.c.obj
 .rodata.__bi_29.4913
                0x0000000010006f48        0x8 CMakeFiles/keyer.dir/home/pi/pico/pico-sdk/src/rp2_common/pico_stdio_uart/stdio_uart.c.obj
 .rodata.str1.4
                0x0000000010006f50       0x2c CMakeFiles/keyer.dir/home/pi/pico/pico-sdk/src/rp2_common/pico_stdio_uart/stdio_uart.c.obj
 .rodata._ZL28read_encoded_value_with_basehjPKhPj
                0x0000000010006f7c       0x34 /usr/lib/gcc/arm-none-eabi/8.3.1/../../../arm-none-eabi/lib/thumb/v6-m/nofp/libstdc++.a(eh_personality.o)
 .rodata._ZNKSt13bad_exception4whatEv.str1.4
                0x0000000010006fb0       0x13 /usr/lib/gcc/arm-none-eabi/8.3.1/../../../arm-none-eabi/lib/thumb/v6-m/nofp/libstdc++.a(eh_exception.o)
 *fill*         0x0000000010006fc3        0x1 
 .rodata._ZTIN10__cxxabiv115__forced_unwindE
                0x0000000010006fc4        0x8 /usr/lib/gcc/arm-none-eabi/8.3.1/../../../arm-none-eabi/lib/thumb/v6-m/nofp/libstdc++.a(eh_exception.o)
                0x0000000010006fc4                typeinfo for __cxxabiv1::__forced_unwind
 .rodata._ZTIN10__cxxabiv119__foreign_exceptionE
                0x0000000010006fcc        0x8 /usr/lib/gcc/arm-none-eabi/8.3.1/../../../arm-none-eabi/lib/thumb/v6-m/nofp/libstdc++.a(eh_exception.o)
                0x0000000010006fcc                typeinfo for __cxxabiv1::__foreign_exception
 .rodata._ZTISt13bad_exception
                0x0000000010006fd4        0xc /usr/lib/gcc/arm-none-eabi/8.3.1/../../../arm-none-eabi/lib/thumb/v6-m/nofp/libstdc++.a(eh_exception.o)
                0x0000000010006fd4                typeinfo for std::bad_exception
 .rodata._ZTISt9exception
                0x0000000010006fe0        0x8 /usr/lib/gcc/arm-none-eabi/8.3.1/../../../arm-none-eabi/lib/thumb/v6-m/nofp/libstdc++.a(eh_exception.o)
                0x0000000010006fe0                typeinfo for std::exception
 .rodata._ZTSN10__cxxabiv115__forced_unwindE
                0x0000000010006fe8       0x20 /usr/lib/gcc/arm-none-eabi/8.3.1/../../../arm-none-eabi/lib/thumb/v6-m/nofp/libstdc++.a(eh_exception.o)
                0x0000000010006fe8                typeinfo name for __cxxabiv1::__forced_unwind
 .rodata._ZTSN10__cxxabiv119__foreign_exceptionE
                0x0000000010007008       0x24 /usr/lib/gcc/arm-none-eabi/8.3.1/../../../arm-none-eabi/lib/thumb/v6-m/nofp/libstdc++.a(eh_exception.o)
                0x0000000010007008                typeinfo name for __cxxabiv1::__foreign_exception
 .rodata._ZTSSt13bad_exception
                0x000000001000702c       0x12 /usr/lib/gcc/arm-none-eabi/8.3.1/../../../arm-none-eabi/lib/thumb/v6-m/nofp/libstdc++.a(eh_exception.o)
                0x000000001000702c                typeinfo name for std::bad_exception
 *fill*         0x000000001000703e        0x2 
 .rodata._ZTSSt9exception
                0x0000000010007040        0xd /usr/lib/gcc/arm-none-eabi/8.3.1/../../../arm-none-eabi/lib/thumb/v6-m/nofp/libstdc++.a(eh_exception.o)
                0x0000000010007040                typeinfo name for std::exception
 *fill*         0x000000001000704d        0x3 
 .rodata._ZTVSt13bad_exception
                0x0000000010007050       0x14 /usr/lib/gcc/arm-none-eabi/8.3.1/../../../arm-none-eabi/lib/thumb/v6-m/nofp/libstdc++.a(eh_exception.o)
                0x0000000010007050                vtable for std::bad_exception
 .rodata._ZTIN10__cxxabiv117__class_type_infoE
                0x0000000010007064        0xc /usr/lib/gcc/arm-none-eabi/8.3.1/../../../arm-none-eabi/lib/thumb/v6-m/nofp/libstdc++.a(class_type_info.o)
                0x0000000010007064                typeinfo for __cxxabiv1::__class_type_info
 .rodata._ZTSN10__cxxabiv117__class_type_infoE
                0x0000000010007070       0x22 /usr/lib/gcc/arm-none-eabi/8.3.1/../../../arm-none-eabi/lib/thumb/v6-m/nofp/libstdc++.a(class_type_info.o)
                0x0000000010007070                typeinfo name for __cxxabiv1::__class_type_info
 *fill*         0x0000000010007092        0x2 
 .rodata._ZTVN10__cxxabiv117__class_type_infoE
                0x0000000010007094       0x2c /usr/lib/gcc/arm-none-eabi/8.3.1/../../../arm-none-eabi/lib/thumb/v6-m/nofp/libstdc++.a(class_type_info.o)
                0x0000000010007094                vtable for __cxxabiv1::__class_type_info
 .rodata._ZNKSt9bad_alloc4whatEv.str1.4
                0x00000000100070c0        0xf /usr/lib/gcc/arm-none-eabi/8.3.1/../../../arm-none-eabi/lib/thumb/v6-m/nofp/libstdc++.a(bad_alloc.o)
 *fill*         0x00000000100070cf        0x1 
 .rodata._ZTISt9bad_alloc
                0x00000000100070d0        0xc /usr/lib/gcc/arm-none-eabi/8.3.1/../../../arm-none-eabi/lib/thumb/v6-m/nofp/libstdc++.a(bad_alloc.o)
                0x00000000100070d0                typeinfo for std::bad_alloc
 .rodata._ZTSSt9bad_alloc
                0x00000000100070dc        0xd /usr/lib/gcc/arm-none-eabi/8.3.1/../../../arm-none-eabi/lib/thumb/v6-m/nofp/libstdc++.a(bad_alloc.o)
                0x00000000100070dc                typeinfo name for std::bad_alloc
 *fill*         0x00000000100070e9        0x3 
 .rodata._ZTVSt9bad_alloc
                0x00000000100070ec       0x14 /usr/lib/gcc/arm-none-eabi/8.3.1/../../../arm-none-eabi/lib/thumb/v6-m/nofp/libstdc++.a(bad_alloc.o)
                0x00000000100070ec                vtable for std::bad_alloc
 .rodata._ZTISt9type_info
                0x0000000010007100        0x8 /usr/lib/gcc/arm-none-eabi/8.3.1/../../../arm-none-eabi/lib/thumb/v6-m/nofp/libstdc++.a(tinfo.o)
                0x0000000010007100                typeinfo for std::type_info
 .rodata._ZTSSt9type_info
                0x0000000010007108        0xd /usr/lib/gcc/arm-none-eabi/8.3.1/../../../arm-none-eabi/lib/thumb/v6-m/nofp/libstdc++.a(tinfo.o)
                0x0000000010007108                typeinfo name for std::type_info
 *fill*         0x0000000010007115        0x3 
 .rodata._ZTIN10__cxxabiv120__si_class_type_infoE
                0x0000000010007118        0xc /usr/lib/gcc/arm-none-eabi/8.3.1/../../../arm-none-eabi/lib/thumb/v6-m/nofp/libstdc++.a(si_class_type_info.o)
                0x0000000010007118                typeinfo for __cxxabiv1::__si_class_type_info
 .rodata._ZTSN10__cxxabiv120__si_class_type_infoE
                0x0000000010007124       0x25 /usr/lib/gcc/arm-none-eabi/8.3.1/../../../arm-none-eabi/lib/thumb/v6-m/nofp/libstdc++.a(si_class_type_info.o)
                0x0000000010007124                typeinfo name for __cxxabiv1::__si_class_type_info
 *fill*         0x0000000010007149        0x3 
 .rodata._ZTVN10__cxxabiv120__si_class_type_infoE
                0x000000001000714c       0x2c /usr/lib/gcc/arm-none-eabi/8.3.1/../../../arm-none-eabi/lib/thumb/v6-m/nofp/libstdc++.a(si_class_type_info.o)
                0x000000001000714c                vtable for __cxxabiv1::__si_class_type_info
 .rodata        0x0000000010007178      0x101 /usr/lib/gcc/arm-none-eabi/8.3.1/../../../arm-none-eabi/lib/thumb/v6-m/nofp/libc.a(lib_a-ctype_.o)
                0x0000000010007178                _ctype_
                0x000000001000727c                . = ALIGN (0x4)
 *fill*         0x0000000010007279        0x3 
 *(SORT_BY_ALIGNMENT(SORT_BY_NAME(.flashdata*)))
                0x000000001000727c                . = ALIGN (0x4)

.ARM.extab      0x000000001000727c       0xcc
 *(.ARM.extab* .gnu.linkonce.armextab.*)
 .ARM.extab.text._ZN10__cxxabiv111__terminateEPFvvE
                0x000000001000727c       0x28 /usr/lib/gcc/arm-none-eabi/8.3.1/../../../arm-none-eabi/lib/thumb/v6-m/nofp/libstdc++.a(eh_terminate.o)
 .ARM.extab.text.__gxx_personality_v0
                0x00000000100072a4       0x28 /usr/lib/gcc/arm-none-eabi/8.3.1/../../../arm-none-eabi/lib/thumb/v6-m/nofp/libstdc++.a(eh_personality.o)
 .ARM.extab.text.__cxa_begin_catch
                0x00000000100072cc        0xc /usr/lib/gcc/arm-none-eabi/8.3.1/../../../arm-none-eabi/lib/thumb/v6-m/nofp/libstdc++.a(eh_catch.o)
 .ARM.extab.text.unlikely.__cxa_call_unexpected
                0x00000000100072d8       0x28 /usr/lib/gcc/arm-none-eabi/8.3.1/../../../arm-none-eabi/lib/thumb/v6-m/nofp/libstdc++.a(eh_call.o)
 .ARM.extab.text.__cxa_type_match
                0x0000000010007300        0xc /usr/lib/gcc/arm-none-eabi/8.3.1/../../../arm-none-eabi/lib/thumb/v6-m/nofp/libstdc++.a(eh_arm.o)
 .ARM.extab.text._ZNK10__cxxabiv120__si_class_type_info12__do_dyncastEiNS_17__class_type_info10__sub_kindEPKS1_PKvS4_S6_RNS1_16__dyncast_resultE
                0x000000001000730c        0xc /usr/lib/gcc/arm-none-eabi/8.3.1/../../../arm-none-eabi/lib/thumb/v6-m/nofp/libstdc++.a(si_class_type_info.o)
 .ARM.extab     0x0000000010007318       0x24 /usr/lib/gcc/arm-none-eabi/8.3.1/thumb/v6-m/nofp/libgcc.a(unwind-arm.o)
 .ARM.extab     0x000000001000733c        0xc /usr/lib/gcc/arm-none-eabi/8.3.1/thumb/v6-m/nofp/libgcc.a(pr-support.o)
                0x0000000010007348                __exidx_start = .

.ARM.exidx      0x0000000010007348      0x1a0
 *(.ARM.exidx* .gnu.linkonce.armexidx.*)
 .ARM.exidx.text._ZSt17__throw_bad_allocv
                0x0000000010007348        0x8 /usr/lib/gcc/arm-none-eabi/8.3.1/../../../arm-none-eabi/lib/thumb/v6-m/nofp/libstdc++.a(functexcept.o)
 .ARM.exidx.text._ZL23__gxx_exception_cleanup19_Unwind_Reason_CodeP21_Unwind_Control_Block
                0x0000000010007350        0x0 /usr/lib/gcc/arm-none-eabi/8.3.1/../../../arm-none-eabi/lib/thumb/v6-m/nofp/libstdc++.a(eh_throw.o)
                                          0x8 (size before relaxing)
 .ARM.exidx.text.__cxa_init_primary_exception
                0x0000000010007350        0x8 /usr/lib/gcc/arm-none-eabi/8.3.1/../../../arm-none-eabi/lib/thumb/v6-m/nofp/libstdc++.a(eh_throw.o)
 .ARM.exidx.text.__cxa_throw
                0x0000000010007358        0x8 /usr/lib/gcc/arm-none-eabi/8.3.1/../../../arm-none-eabi/lib/thumb/v6-m/nofp/libstdc++.a(eh_throw.o)
 .ARM.exidx.text.__cxa_rethrow
                0x0000000010007360        0x8 /usr/lib/gcc/arm-none-eabi/8.3.1/../../../arm-none-eabi/lib/thumb/v6-m/nofp/libstdc++.a(eh_throw.o)
 .ARM.exidx.text._ZN10__cxxabiv111__terminateEPFvvE
                0x0000000010007368        0x8 /usr/lib/gcc/arm-none-eabi/8.3.1/../../../arm-none-eabi/lib/thumb/v6-m/nofp/libstdc++.a(eh_terminate.o)
 .ARM.exidx.text._ZSt9terminatev
                0x0000000010007370        0x8 /usr/lib/gcc/arm-none-eabi/8.3.1/../../../arm-none-eabi/lib/thumb/v6-m/nofp/libstdc++.a(eh_terminate.o)
 .ARM.exidx.text._ZN10__cxxabiv112__unexpectedEPFvvE
                0x0000000010007378        0x8 /usr/lib/gcc/arm-none-eabi/8.3.1/../../../arm-none-eabi/lib/thumb/v6-m/nofp/libstdc++.a(eh_terminate.o)
 .ARM.exidx.text._ZSt10unexpectedv
                0x0000000010007380        0x0 /usr/lib/gcc/arm-none-eabi/8.3.1/../../../arm-none-eabi/lib/thumb/v6-m/nofp/libstdc++.a(eh_terminate.o)
                                          0x8 (size before relaxing)
 .ARM.exidx.text._ZSt13get_terminatev
                0x0000000010007380        0x8 /usr/lib/gcc/arm-none-eabi/8.3.1/../../../arm-none-eabi/lib/thumb/v6-m/nofp/libstdc++.a(eh_terminate.o)
 .ARM.exidx.text._ZSt14get_unexpectedv
                0x0000000010007388        0x0 /usr/lib/gcc/arm-none-eabi/8.3.1/../../../arm-none-eabi/lib/thumb/v6-m/nofp/libstdc++.a(eh_terminate.o)
                                          0x8 (size before relaxing)
 .ARM.exidx.text._ZL28read_encoded_value_with_basehjPKhPj
                0x0000000010007388        0x8 /usr/lib/gcc/arm-none-eabi/8.3.1/../../../arm-none-eabi/lib/thumb/v6-m/nofp/libstdc++.a(eh_personality.o)
 .ARM.exidx.text._ZL21base_of_encoded_valuehP15_Unwind_Context
                0x0000000010007390        0x8 /usr/lib/gcc/arm-none-eabi/8.3.1/../../../arm-none-eabi/lib/thumb/v6-m/nofp/libstdc++.a(eh_personality.o)
 .ARM.exidx.text._ZL17parse_lsda_headerP15_Unwind_ContextPKhP16lsda_header_info
                0x0000000010007398        0x8 /usr/lib/gcc/arm-none-eabi/8.3.1/../../../arm-none-eabi/lib/thumb/v6-m/nofp/libstdc++.a(eh_personality.o)
 .ARM.exidx.text.__gxx_personality_v0
                0x00000000100073a0        0x8 /usr/lib/gcc/arm-none-eabi/8.3.1/../../../arm-none-eabi/lib/thumb/v6-m/nofp/libstdc++.a(eh_personality.o)
 .ARM.exidx.text.__cxa_get_globals_fast
                0x00000000100073a8        0x8 /usr/lib/gcc/arm-none-eabi/8.3.1/../../../arm-none-eabi/lib/thumb/v6-m/nofp/libstdc++.a(eh_globals.o)
 .ARM.exidx.text.__cxa_get_globals
                0x00000000100073b0        0x0 /usr/lib/gcc/arm-none-eabi/8.3.1/../../../arm-none-eabi/lib/thumb/v6-m/nofp/libstdc++.a(eh_globals.o)
                                          0x8 (size before relaxing)
 .ARM.exidx.text._ZNSt9exceptionD2Ev
                0x00000000100073b0        0x0 /usr/lib/gcc/arm-none-eabi/8.3.1/../../../arm-none-eabi/lib/thumb/v6-m/nofp/libstdc++.a(eh_exception.o)
                                          0x8 (size before relaxing)
 .ARM.exidx.text._ZNSt13bad_exceptionD2Ev
                0x00000000100073b0        0x0 /usr/lib/gcc/arm-none-eabi/8.3.1/../../../arm-none-eabi/lib/thumb/v6-m/nofp/libstdc++.a(eh_exception.o)
                                          0x8 (size before relaxing)
 .ARM.exidx.text._ZNKSt13bad_exception4whatEv
                0x00000000100073b0        0x0 /usr/lib/gcc/arm-none-eabi/8.3.1/../../../arm-none-eabi/lib/thumb/v6-m/nofp/libstdc++.a(eh_exception.o)
                                          0x8 (size before relaxing)
 .ARM.exidx.text._ZNSt13bad_exceptionD0Ev
                0x00000000100073b0        0x0 /usr/lib/gcc/arm-none-eabi/8.3.1/../../../arm-none-eabi/lib/thumb/v6-m/nofp/libstdc++.a(eh_exception.o)
                                          0x8 (size before relaxing)
 .ARM.exidx.text.__cxa_begin_catch
                0x00000000100073b0        0x8 /usr/lib/gcc/arm-none-eabi/8.3.1/../../../arm-none-eabi/lib/thumb/v6-m/nofp/libstdc++.a(eh_catch.o)
 .ARM.exidx.text.__cxa_end_catch
                0x00000000100073b8        0x8 /usr/lib/gcc/arm-none-eabi/8.3.1/../../../arm-none-eabi/lib/thumb/v6-m/nofp/libstdc++.a(eh_catch.o)
 .ARM.exidx.text._ZN10__cxxabiv1L24__is_gxx_exception_classEPc
                0x00000000100073c0        0x8 /usr/lib/gcc/arm-none-eabi/8.3.1/../../../arm-none-eabi/lib/thumb/v6-m/nofp/libstdc++.a(eh_call.o)
 .ARM.exidx.text.__cxa_call_terminate
                0x00000000100073c8        0x0 /usr/lib/gcc/arm-none-eabi/8.3.1/../../../arm-none-eabi/lib/thumb/v6-m/nofp/libstdc++.a(eh_call.o)
                                          0x8 (size before relaxing)
 .ARM.exidx.text.unlikely.__cxa_call_unexpected
                0x00000000100073c8       0x10 /usr/lib/gcc/arm-none-eabi/8.3.1/../../../arm-none-eabi/lib/thumb/v6-m/nofp/libstdc++.a(eh_call.o)
                                          0x8 (size before relaxing)
 .ARM.exidx.text.__cxa_type_match
                0x00000000100073d8        0x8 /usr/lib/gcc/arm-none-eabi/8.3.1/../../../arm-none-eabi/lib/thumb/v6-m/nofp/libstdc++.a(eh_arm.o)
 .ARM.exidx.text.__cxa_begin_cleanup
                0x00000000100073e0        0x8 /usr/lib/gcc/arm-none-eabi/8.3.1/../../../arm-none-eabi/lib/thumb/v6-m/nofp/libstdc++.a(eh_arm.o)
 .ARM.exidx.text.__gnu_end_cleanup
                0x00000000100073e8        0x0 /usr/lib/gcc/arm-none-eabi/8.3.1/../../../arm-none-eabi/lib/thumb/v6-m/nofp/libstdc++.a(eh_arm.o)
                                          0x8 (size before relaxing)
 .ARM.exidx.text._ZN12_GLOBAL__N_14pool4freeEPv.constprop.4
                0x00000000100073e8        0x0 /usr/lib/gcc/arm-none-eabi/8.3.1/../../../arm-none-eabi/lib/thumb/v6-m/nofp/libstdc++.a(eh_alloc.o)
                                          0x8 (size before relaxing)
 .ARM.exidx.text._ZN12_GLOBAL__N_14pool8allocateEj.constprop.5
                0x00000000100073e8        0x0 /usr/lib/gcc/arm-none-eabi/8.3.1/../../../arm-none-eabi/lib/thumb/v6-m/nofp/libstdc++.a(eh_alloc.o)
                                          0x8 (size before relaxing)
 .ARM.exidx.text.__cxa_allocate_exception
                0x00000000100073e8        0x0 /usr/lib/gcc/arm-none-eabi/8.3.1/../../../arm-none-eabi/lib/thumb/v6-m/nofp/libstdc++.a(eh_alloc.o)
                                          0x8 (size before relaxing)
 .ARM.exidx.text.__cxa_free_exception
                0x00000000100073e8        0x0 /usr/lib/gcc/arm-none-eabi/8.3.1/../../../arm-none-eabi/lib/thumb/v6-m/nofp/libstdc++.a(eh_alloc.o)
                                          0x8 (size before relaxing)
 .ARM.exidx.text.startup._GLOBAL__sub_I__ZN9__gnu_cxx9__freeresEv
                0x00000000100073e8        0x0 /usr/lib/gcc/arm-none-eabi/8.3.1/../../../arm-none-eabi/lib/thumb/v6-m/nofp/libstdc++.a(eh_alloc.o)
                                          0x8 (size before relaxing)
 .ARM.exidx.text._ZNK10__cxxabiv117__class_type_info11__do_upcastEPKS0_PPv
                0x00000000100073e8        0x8 /usr/lib/gcc/arm-none-eabi/8.3.1/../../../arm-none-eabi/lib/thumb/v6-m/nofp/libstdc++.a(class_type_info.o)
 .ARM.exidx.text._ZNK10__cxxabiv117__class_type_info20__do_find_public_srcEiPKvPKS0_S2_
                0x00000000100073f0        0x8 /usr/lib/gcc/arm-none-eabi/8.3.1/../../../arm-none-eabi/lib/thumb/v6-m/nofp/libstdc++.a(class_type_info.o)
 .ARM.exidx.text._ZN10__cxxabiv117__class_type_infoD2Ev
                0x00000000100073f8        0x0 /usr/lib/gcc/arm-none-eabi/8.3.1/../../../arm-none-eabi/lib/thumb/v6-m/nofp/libstdc++.a(class_type_info.o)
                                          0x8 (size before relaxing)
 .ARM.exidx.text._ZN10__cxxabiv117__class_type_infoD0Ev
                0x00000000100073f8        0x0 /usr/lib/gcc/arm-none-eabi/8.3.1/../../../arm-none-eabi/lib/thumb/v6-m/nofp/libstdc++.a(class_type_info.o)
                                          0x8 (size before relaxing)
 .ARM.exidx.text._ZNK10__cxxabiv117__class_type_info12__do_dyncastEiNS0_10__sub_kindEPKS0_PKvS3_S5_RNS0_16__dyncast_resultE
                0x00000000100073f8        0x0 /usr/lib/gcc/arm-none-eabi/8.3.1/../../../arm-none-eabi/lib/thumb/v6-m/nofp/libstdc++.a(class_type_info.o)
                                          0x8 (size before relaxing)
 .ARM.exidx.text._ZNK10__cxxabiv117__class_type_info11__do_upcastEPKS0_PKvRNS0_15__upcast_resultE
                0x00000000100073f8        0x0 /usr/lib/gcc/arm-none-eabi/8.3.1/../../../arm-none-eabi/lib/thumb/v6-m/nofp/libstdc++.a(class_type_info.o)
                                          0x8 (size before relaxing)
 .ARM.exidx.text._ZNK10__cxxabiv117__class_type_info10__do_catchEPKSt9type_infoPPvj
                0x00000000100073f8        0x8 /usr/lib/gcc/arm-none-eabi/8.3.1/../../../arm-none-eabi/lib/thumb/v6-m/nofp/libstdc++.a(class_type_info.o)
 .ARM.exidx.text._ZNKSt9bad_alloc4whatEv
                0x0000000010007400        0x8 /usr/lib/gcc/arm-none-eabi/8.3.1/../../../arm-none-eabi/lib/thumb/v6-m/nofp/libstdc++.a(bad_alloc.o)
 .ARM.exidx.text._ZNSt9bad_allocD2Ev
                0x0000000010007408        0x0 /usr/lib/gcc/arm-none-eabi/8.3.1/../../../arm-none-eabi/lib/thumb/v6-m/nofp/libstdc++.a(bad_alloc.o)
                                          0x8 (size before relaxing)
 .ARM.exidx.text._ZNSt9bad_allocD0Ev
                0x0000000010007408        0x0 /usr/lib/gcc/arm-none-eabi/8.3.1/../../../arm-none-eabi/lib/thumb/v6-m/nofp/libstdc++.a(bad_alloc.o)
                                          0x8 (size before relaxing)
 .ARM.exidx.text._ZNSt9type_infoD2Ev
                0x0000000010007408        0x0 /usr/lib/gcc/arm-none-eabi/8.3.1/../../../arm-none-eabi/lib/thumb/v6-m/nofp/libstdc++.a(tinfo.o)
                                          0x8 (size before relaxing)
 .ARM.exidx.text._ZNKSt9type_info14__is_pointer_pEv
                0x0000000010007408        0x0 /usr/lib/gcc/arm-none-eabi/8.3.1/../../../arm-none-eabi/lib/thumb/v6-m/nofp/libstdc++.a(tinfo.o)
                                          0x8 (size before relaxing)
 .ARM.exidx.text._ZNKSt9type_infoeqERKS_
                0x0000000010007408        0x0 /usr/lib/gcc/arm-none-eabi/8.3.1/../../../arm-none-eabi/lib/thumb/v6-m/nofp/libstdc++.a(tinfo.o)
                                          0x8 (size before relaxing)
 .ARM.exidx.text._ZN10__cxxabiv120__si_class_type_infoD2Ev
                0x0000000010007408        0x0 /usr/lib/gcc/arm-none-eabi/8.3.1/../../../arm-none-eabi/lib/thumb/v6-m/nofp/libstdc++.a(si_class_type_info.o)
                                          0x8 (size before relaxing)
 .ARM.exidx.text._ZN10__cxxabiv120__si_class_type_infoD0Ev
                0x0000000010007408        0x0 /usr/lib/gcc/arm-none-eabi/8.3.1/../../../arm-none-eabi/lib/thumb/v6-m/nofp/libstdc++.a(si_class_type_info.o)
                                          0x8 (size before relaxing)
 .ARM.exidx.text._ZNK10__cxxabiv120__si_class_type_info20__do_find_public_srcEiPKvPKNS_17__class_type_infoES2_
                0x0000000010007408        0x8 /usr/lib/gcc/arm-none-eabi/8.3.1/../../../arm-none-eabi/lib/thumb/v6-m/nofp/libstdc++.a(si_class_type_info.o)
 .ARM.exidx.text._ZNK10__cxxabiv120__si_class_type_info12__do_dyncastEiNS_17__class_type_info10__sub_kindEPKS1_PKvS4_S6_RNS1_16__dyncast_resultE
                0x0000000010007410        0x8 /usr/lib/gcc/arm-none-eabi/8.3.1/../../../arm-none-eabi/lib/thumb/v6-m/nofp/libstdc++.a(si_class_type_info.o)
 .ARM.exidx.text._ZNK10__cxxabiv120__si_class_type_info11__do_upcastEPKNS_17__class_type_infoEPKvRNS1_15__upcast_resultE
                0x0000000010007418       0x10 /usr/lib/gcc/arm-none-eabi/8.3.1/../../../arm-none-eabi/lib/thumb/v6-m/nofp/libstdc++.a(si_class_type_info.o)
                                          0x8 (size before relaxing)
 .ARM.exidx     0x0000000010007428       0x90 /usr/lib/gcc/arm-none-eabi/8.3.1/thumb/v6-m/nofp/libgcc.a(unwind-arm.o)
                                         0xd8 (size before relaxing)
 .ARM.exidx     0x00000000100074b8       0x28 /usr/lib/gcc/arm-none-eabi/8.3.1/thumb/v6-m/nofp/libgcc.a(pr-support.o)
                                         0x38 (size before relaxing)
 .ARM.exidx.text.unlikely
                0x00000000100074e0        0x8 /usr/lib/gcc/arm-none-eabi/8.3.1/thumb/v6-m/nofp/libgcc.a(pr-support.o)
                                         0x10 (size before relaxing)
                0x00000000100074e8                __exidx_end = .

.rel.dyn        0x00000000100074e8        0x0
 .rel.iplt      0x00000000100074e8        0x0 /usr/lib/gcc/arm-none-eabi/8.3.1/thumb/v6-m/nofp/crtbegin.o
                0x00000000100074e8                . = ALIGN (0x4)
                0x00000000100074e8                __binary_info_start = .

.binary_info    0x00000000100074e8       0x24
 *(.binary_info.keep.*)
 .binary_info.keep.__bi_ptr22
                0x00000000100074e8        0x4 CMakeFiles/keyer.dir/home/pi/pico/pico-sdk/src/rp2_common/pico_standard_link/binary_info.c.obj
 .binary_info.keep.__bi_ptr30
                0x00000000100074ec        0x4 CMakeFiles/keyer.dir/home/pi/pico/pico-sdk/src/rp2_common/pico_standard_link/binary_info.c.obj
 .binary_info.keep.__bi_ptr38
                0x00000000100074f0        0x4 CMakeFiles/keyer.dir/home/pi/pico/pico-sdk/src/rp2_common/pico_standard_link/binary_info.c.obj
 .binary_info.keep.__bi_ptr44
                0x00000000100074f4        0x4 CMakeFiles/keyer.dir/home/pi/pico/pico-sdk/src/rp2_common/pico_standard_link/binary_info.c.obj
 .binary_info.keep.__bi_ptr50
                0x00000000100074f8        0x4 CMakeFiles/keyer.dir/home/pi/pico/pico-sdk/src/rp2_common/pico_standard_link/binary_info.c.obj
 .binary_info.keep.__bi_ptr75
                0x00000000100074fc        0x4 CMakeFiles/keyer.dir/home/pi/pico/pico-sdk/src/rp2_common/pico_standard_link/binary_info.c.obj
 .binary_info.keep.__bi_ptr81
                0x0000000010007500        0x4 CMakeFiles/keyer.dir/home/pi/pico/pico-sdk/src/rp2_common/pico_standard_link/binary_info.c.obj
 *(.binary_info.*)
 .binary_info.__bi_ptr28
                0x0000000010007504        0x4 CMakeFiles/keyer.dir/home/pi/pico/pico-sdk/src/rp2_common/pico_stdio_uart/stdio_uart.c.obj
 .binary_info.__bi_ptr29
                0x0000000010007508        0x4 CMakeFiles/keyer.dir/home/pi/pico/pico-sdk/src/rp2_common/pico_stdio_uart/stdio_uart.c.obj
                0x000000001000750c                __binary_info_end = .
                0x000000001000750c                . = ALIGN (0x4)
                0x000000001000750c                __etext = .

.ram_vector_table
                0x0000000020000000       0xc0
 *(.ram_vector_table)
 .ram_vector_table
                0x0000000020000000       0xc0 CMakeFiles/keyer.dir/home/pi/pico/pico-sdk/src/rp2_common/pico_runtime/runtime.c.obj
                0x0000000020000000                ram_vector_table

.data           0x00000000200000c0     0x1c04 load address 0x000000001000750c
                0x00000000200000c0                __data_start__ = .
 *(vtable)
 *(.time_critical*)
 .time_critical.mutex_enter_blocking
                0x00000000200000c0       0x48 CMakeFiles/keyer.dir/home/pi/pico/pico-sdk/src/common/pico_sync/mutex.c.obj
                0x00000000200000c0                mutex_enter_blocking
 .time_critical.mutex_try_enter
                0x0000000020000108       0x48 CMakeFiles/keyer.dir/home/pi/pico/pico-sdk/src/common/pico_sync/mutex.c.obj
                0x0000000020000108                mutex_try_enter
 .time_critical.mutex_exit
                0x0000000020000150       0x28 CMakeFiles/keyer.dir/home/pi/pico/pico-sdk/src/common/pico_sync/mutex.c.obj
                0x0000000020000150                mutex_exit
 *(.text*)
 .text          0x0000000020000178        0x4 /usr/lib/gcc/arm-none-eabi/8.3.1/thumb/v6-m/nofp/libgcc.a(_dvmd_tls.o)
                0x0000000020000178                __aeabi_ldiv0
                0x0000000020000178                __aeabi_idiv0
 .text          0x000000002000017c      0xa44 /usr/lib/gcc/arm-none-eabi/8.3.1/thumb/v6-m/nofp/libgcc.a(unwind-arm.o)
                0x0000000020000448                _Unwind_GetCFA
                0x000000002000044c                __gnu_Unwind_RaiseException
                0x00000000200004a0                __gnu_Unwind_ForcedUnwind
                0x00000000200004b4                __gnu_Unwind_Resume
                0x00000000200004fc                __gnu_Unwind_Resume_or_Rethrow
                0x0000000020000518                _Unwind_Complete
                0x000000002000051c                _Unwind_DeleteException
                0x000000002000052c                _Unwind_VRS_Get
                0x000000002000057c                _Unwind_VRS_Set
                0x00000000200005cc                __gnu_Unwind_Backtrace
                0x000000002000092c                __aeabi_unwind_cpp_pr0
                0x0000000020000938                __aeabi_unwind_cpp_pr1
                0x0000000020000944                __aeabi_unwind_cpp_pr2
                0x0000000020000950                _Unwind_VRS_Pop
 .text          0x0000000020000bc0      0x144 /usr/lib/gcc/arm-none-eabi/8.3.1/thumb/v6-m/nofp/libgcc.a(libunwind.o)
                0x0000000020000bc0                __restore_core_regs
                0x0000000020000bc0                restore_core_regs
                0x0000000020000bec                __gnu_Unwind_Restore_VFP
                0x0000000020000bf0                __gnu_Unwind_Save_VFP
                0x0000000020000bf4                __gnu_Unwind_Restore_VFP_D
                0x0000000020000bf8                __gnu_Unwind_Save_VFP_D
                0x0000000020000bfc                __gnu_Unwind_Restore_VFP_D_16_to_31
                0x0000000020000c00                __gnu_Unwind_Save_VFP_D_16_to_31
                0x0000000020000c04                __gnu_Unwind_Restore_WMMXD
                0x0000000020000c08                __gnu_Unwind_Save_WMMXD
                0x0000000020000c0c                __gnu_Unwind_Restore_WMMXC
                0x0000000020000c10                __gnu_Unwind_Save_WMMXC
                0x0000000020000c14                ___Unwind_RaiseException
                0x0000000020000c14                _Unwind_RaiseException
                0x0000000020000c44                ___Unwind_Resume
                0x0000000020000c44                _Unwind_Resume
                0x0000000020000c74                _Unwind_Resume_or_Rethrow
                0x0000000020000c74                ___Unwind_Resume_or_Rethrow
                0x0000000020000ca4                ___Unwind_ForcedUnwind
                0x0000000020000ca4                _Unwind_ForcedUnwind
                0x0000000020000cd4                _Unwind_Backtrace
                0x0000000020000cd4                ___Unwind_Backtrace
 .text          0x0000000020000d04      0x390 /usr/lib/gcc/arm-none-eabi/8.3.1/thumb/v6-m/nofp/libgcc.a(pr-support.o)
                0x0000000020000d58                __gnu_unwind_execute
                0x000000002000104c                __gnu_unwind_frame
                0x0000000020001074                _Unwind_GetRegionStart
                0x0000000020001080                _Unwind_GetLanguageSpecificData
 .text.unlikely
                0x0000000020001094        0xc /usr/lib/gcc/arm-none-eabi/8.3.1/thumb/v6-m/nofp/libgcc.a(pr-support.o)
                0x0000000020001094                _Unwind_GetDataRelBase
                0x000000002000109a                _Unwind_GetTextRelBase
 .text          0x00000000200010a0       0xbc /usr/lib/gcc/arm-none-eabi/8.3.1/../../../arm-none-eabi/lib/thumb/v6-m/nofp/libc.a(lib_a-memmove.o)
                0x00000000200010a0                memmove
 *fill*         0x000000002000115c        0x4 
 .text.__stub   0x0000000020001160       0x40 linker stubs
                0x00000000200011a0                . = ALIGN (0x4)
 *(.rodata*)
                0x00000000200011a0                . = ALIGN (0x4)
 *(.data*)
 .data.alphabet
                0x00000000200011a0      0x1fc CMakeFiles/keyer.dir/keyer.cpp.obj
                0x00000000200011a0                alphabet
 .data.b_keyit  0x000000002000139c        0x1 CMakeFiles/keyer.dir/keyer.cpp.obj
                0x000000002000139c                b_keyit
 *fill*         0x000000002000139d        0x3 
 .data.dit      0x00000000200013a0        0x4 CMakeFiles/keyer.dir/keyer.cpp.obj
                0x00000000200013a0                dit
 .data.striped_spin_lock_num
                0x00000000200013a4        0x1 CMakeFiles/keyer.dir/home/pi/pico/pico-sdk/src/rp2_common/hardware_sync/sync.c.obj
 *fill*         0x00000000200013a5        0x3 
 .data          0x00000000200013a8       0x48 CMakeFiles/keyer.dir/home/pi/pico/pico-sdk/src/rp2_common/hardware_irq/irq_handler_chain.S.obj
                0x00000000200013a8                irq_handler_chain_slots
                0x00000000200013d8                irq_handler_chain_first_slot
                0x00000000200013e2                irq_handler_chain_remove_tail
 .data.default_alarm_pool
                0x00000000200013f0       0x18 CMakeFiles/keyer.dir/home/pi/pico/pico-sdk/src/common/pico_time/time.c.obj
 .data.default_alarm_pool_heap
                0x0000000020001408       0x10 CMakeFiles/keyer.dir/home/pi/pico/pico-sdk/src/common/pico_time/time.c.obj
 *fill*         0x0000000020001418        0x8 
 .data.aeabi_bits_funcs
                0x0000000020001420       0x10 CMakeFiles/keyer.dir/home/pi/pico/pico-sdk/src/rp2_common/pico_bit_ops/bit_ops_aeabi.S.obj
                0x0000000020001420                aeabi_bits_funcs
                0x0000000020001430                aeabi_bits_funcs_end
 .data.aeabi_mem_funcs
                0x0000000020001430       0x10 CMakeFiles/keyer.dir/home/pi/pico/pico-sdk/src/rp2_common/pico_mem_ops/mem_ops_aeabi.S.obj
                0x0000000020001430                aeabi_mem_funcs
                0x0000000020001440                aeabi_mem_funcs_end
 .data.stdio_uart
                0x0000000020001440       0x14 CMakeFiles/keyer.dir/home/pi/pico/pico-sdk/src/rp2_common/pico_stdio_uart/stdio_uart.c.obj
                0x0000000020001440                stdio_uart
 .data._ZN10__cxxabiv119__terminate_handlerE
                0x0000000020001454        0x4 /usr/lib/gcc/arm-none-eabi/8.3.1/../../../arm-none-eabi/lib/thumb/v6-m/nofp/libstdc++.a(eh_term_handler.o)
                0x0000000020001454                __cxxabiv1::__terminate_handler
 .data._ZN10__cxxabiv120__unexpected_handlerE
                0x0000000020001458        0x4 /usr/lib/gcc/arm-none-eabi/8.3.1/../../../arm-none-eabi/lib/thumb/v6-m/nofp/libstdc++.a(eh_unex_handler.o)
                0x0000000020001458                __cxxabiv1::__unexpected_handler
 *fill*         0x000000002000145c        0x4 
 .data          0x0000000020001460      0x430 /usr/lib/gcc/arm-none-eabi/8.3.1/../../../arm-none-eabi/lib/thumb/v6-m/nofp/libc.a(lib_a-impure.o)
                0x0000000020001460                _impure_ptr
 .data          0x0000000020001890      0x410 /usr/lib/gcc/arm-none-eabi/8.3.1/../../../arm-none-eabi/lib/thumb/v6-m/nofp/libc.a(lib_a-mallocr.o)
                0x0000000020001890                __malloc_sbrk_base
                0x0000000020001894                __malloc_trim_threshold
                0x0000000020001898                __malloc_av_
                0x0000000020001ca0                . = ALIGN (0x4)
 *(.after_data.*)
                0x0000000020001ca0                . = ALIGN (0x4)
                0x0000000020001ca0                PROVIDE (__mutex_array_start = .)
 *(SORT_BY_NAME(.mutex_array.*))
 *(.mutex_array)
 .mutex_array   0x0000000020001ca0        0x8 CMakeFiles/keyer.dir/home/pi/pico/pico-sdk/src/rp2_common/pico_stdio/stdio.c.obj
                0x0000000020001ca8                PROVIDE (__mutex_array_end = .)
                0x0000000020001ca8                . = ALIGN (0x4)
                0x0000000020001ca8                PROVIDE (__preinit_array_start = .)
 *(SORT_BY_NAME(.preinit_array.*))
 .preinit_array.00001
                0x0000000020001ca8        0x4 CMakeFiles/keyer.dir/home/pi/pico/pico-sdk/src/rp2_common/pico_mem_ops/mem_ops_aeabi.S.obj
 .preinit_array.00010
                0x0000000020001cac        0x4 CMakeFiles/keyer.dir/home/pi/pico/pico-sdk/src/rp2_common/pico_bit_ops/bit_ops_aeabi.S.obj
 .preinit_array.00020
                0x0000000020001cb0        0x4 CMakeFiles/keyer.dir/home/pi/pico/pico-sdk/src/rp2_common/pico_double/double_aeabi.S.obj
 .preinit_array.00020
                0x0000000020001cb4        0x4 CMakeFiles/keyer.dir/home/pi/pico/pico-sdk/src/rp2_common/pico_float/float_aeabi.S.obj
 *(.preinit_array)
                0x0000000020001cb8                PROVIDE (__preinit_array_end = .)
                0x0000000020001cb8                . = ALIGN (0x4)
                0x0000000020001cb8                PROVIDE (__init_array_start = .)
 *(SORT_BY_NAME(.init_array.*))
 *(.init_array)
 .init_array    0x0000000020001cb8        0x4 /usr/lib/gcc/arm-none-eabi/8.3.1/thumb/v6-m/nofp/crtbegin.o
 .init_array    0x0000000020001cbc        0x4 CMakeFiles/keyer.dir/keyer.cpp.obj
 .init_array    0x0000000020001cc0        0x4 /usr/lib/gcc/arm-none-eabi/8.3.1/../../../arm-none-eabi/lib/thumb/v6-m/nofp/libstdc++.a(eh_alloc.o)
                0x0000000020001cc4                PROVIDE (__init_array_end = .)
                0x0000000020001cc4                . = ALIGN (0x4)
                0x0000000020001cc4                PROVIDE (__fini_array_start = .)
 *(SORT_BY_NAME(.fini_array.*))
 *(.fini_array)
                0x0000000020001cc4                PROVIDE (__fini_array_end = .)
 *(.jcr)
                0x0000000020001cc4                . = ALIGN (0x4)
                0x0000000020001cc4                __data_end__ = .

.tm_clone_table
                0x0000000020001cc4        0x0 load address 0x0000000010009110
 .tm_clone_table
                0x0000000020001cc4        0x0 /usr/lib/gcc/arm-none-eabi/8.3.1/thumb/v6-m/nofp/crtbegin.o
 .tm_clone_table
                0x0000000020001cc4        0x0 /usr/lib/gcc/arm-none-eabi/8.3.1/thumb/v6-m/nofp/crtend.o

.igot.plt       0x0000000020001cc4        0x0 load address 0x0000000010009110
 .igot.plt      0x0000000020001cc4        0x0 /usr/lib/gcc/arm-none-eabi/8.3.1/thumb/v6-m/nofp/crtbegin.o

.uninitialized_data
                0x0000000020001cc4        0x0 load address 0x0000000010009110
                0x0000000020001cc4                . = ALIGN (0x4)
 *(.uninitialized_data*)

.scratch_x      0x0000000020040000        0x0 load address 0x0000000010009110
                0x0000000020040000                __scratch_x_start__ = .
 *(.scratch_x.*)
                0x0000000020040000                . = ALIGN (0x4)
                0x0000000020040000                __scratch_x_end__ = .
                0x0000000010009110                __scratch_x_source__ = LOADADDR (.scratch_x)

.scratch_y      0x0000000020041000        0x0 load address 0x0000000010009110
                0x0000000020041000                __scratch_y_start__ = .
 *(.scratch_y.*)
                0x0000000020041000                . = ALIGN (0x4)
                0x0000000020041000                __scratch_y_end__ = .
                0x0000000010009110                __scratch_y_source__ = LOADADDR (.scratch_y)

.bss            0x0000000020001cc8      0x45c
                0x0000000020001cc8                . = ALIGN (0x4)
                0x0000000020001cc8                __bss_start__ = .
 *(SORT_BY_ALIGNMENT(SORT_BY_NAME(.bss*)))
 .bss.default_alarm_pool_entries
                0x0000000020001cc8      0x100 CMakeFiles/keyer.dir/home/pi/pico/pico-sdk/src/common/pico_time/time.c.obj
 .bss           0x0000000020001dc8       0x1c /usr/lib/gcc/arm-none-eabi/8.3.1/thumb/v6-m/nofp/crtbegin.o
 .bss           0x0000000020001de4       0x34 /usr/lib/gcc/arm-none-eabi/8.3.1/../../../arm-none-eabi/lib/thumb/v6-m/nofp/libc.a(lib_a-mallocr.o)
                0x0000000020001de4                __malloc_top_pad
                0x0000000020001de8                __malloc_current_mallinfo
                0x0000000020001e10                __malloc_max_sbrked_mem
                0x0000000020001e14                __malloc_max_total_mem
 .bss._ZL10eh_globals
                0x0000000020001e18        0xc /usr/lib/gcc/arm-none-eabi/8.3.1/../../../arm-none-eabi/lib/thumb/v6-m/nofp/libstdc++.a(eh_globals.o)
 .bss._ZN12_GLOBAL__N_114emergency_poolE
                0x0000000020001e24       0x10 /usr/lib/gcc/arm-none-eabi/8.3.1/../../../arm-none-eabi/lib/thumb/v6-m/nofp/libstdc++.a(eh_alloc.o)
 .bss.alarm_callbacks
                0x0000000020001e34       0x10 CMakeFiles/keyer.dir/home/pi/pico/pico-sdk/src/rp2_common/hardware_timer/timer.c.obj
 .bss.configured_freq
                0x0000000020001e44       0x28 CMakeFiles/keyer.dir/home/pi/pico/pico-sdk/src/rp2_common/hardware_clocks/clocks.c.obj
 .bss.default_alarm_pool_entry_ids_high
                0x0000000020001e6c       0x10 CMakeFiles/keyer.dir/home/pi/pico/pico-sdk/src/common/pico_time/time.c.obj
 .bss.default_alarm_pool_heap_nodes
                0x0000000020001e7c       0x30 CMakeFiles/keyer.dir/home/pi/pico/pico-sdk/src/common/pico_time/time.c.obj
 .bss.drivers   0x0000000020001eac        0x4 CMakeFiles/keyer.dir/home/pi/pico/pico-sdk/src/rp2_common/pico_stdio/stdio.c.obj
 .bss.filter    0x0000000020001eb0        0x4 CMakeFiles/keyer.dir/home/pi/pico/pico-sdk/src/rp2_common/pico_stdio/stdio.c.obj
 .bss.heap_end.5915
                0x0000000020001eb4        0x4 CMakeFiles/keyer.dir/home/pi/pico/pico-sdk/src/rp2_common/pico_runtime/runtime.c.obj
 .bss.j         0x0000000020001eb8        0x4 CMakeFiles/keyer.dir/keyer.cpp.obj
                0x0000000020001eb8                j
 .bss.lazy_vsnprintf
                0x0000000020001ebc        0x4 CMakeFiles/keyer.dir/home/pi/pico/pico-sdk/src/rp2_common/pico_printf/printf.c.obj
 .bss.pools     0x0000000020001ec0       0x10 CMakeFiles/keyer.dir/home/pi/pico/pico-sdk/src/common/pico_time/time.c.obj
 .bss.sf_clz_func
                0x0000000020001ed0        0x4 CMakeFiles/keyer.dir/home/pi/pico/pico-sdk/src/rp2_common/pico_double/double_init_rom.c.obj
                0x0000000020001ed0                sf_clz_func
 .bss.sleep_notifier
                0x0000000020001ed4        0x4 CMakeFiles/keyer.dir/home/pi/pico/pico-sdk/src/common/pico_time/time.c.obj
 .bss.target_hi
                0x0000000020001ed8       0x10 CMakeFiles/keyer.dir/home/pi/pico/pico-sdk/src/rp2_common/hardware_timer/timer.c.obj
 .bss.tokey     0x0000000020001ee8       0x28 CMakeFiles/keyer.dir/keyer.cpp.obj
                0x0000000020001ee8                tokey
 .bss.uart_instance
                0x0000000020001f10        0x4 CMakeFiles/keyer.dir/home/pi/pico/pico-sdk/src/rp2_common/pico_stdio_uart/stdio_uart.c.obj
 .bss.b_fullcmd
                0x0000000020001f14        0x1 CMakeFiles/keyer.dir/keyer.cpp.obj